0 verbose cli C:\Program Files\nodejs\node.exe C:\Program Files\nodejs\node_modules\npm\bin\npm-cli.js
1 info using npm@10.9.0
2 info using node@v22.12.0
3 silly config load:file:C:\Program Files\nodejs\node_modules\npm\npmrc
4 silly config load:file:C:\Users\HP\Documents\Lastfundiki\fundiki_mobileapp\.npmrc
5 silly config load:file:C:\Users\HP\.npmrc
6 silly config load:file:C:\Users\HP\AppData\Roaming\npm\etc\npmrc
7 verbose title npm install react-native-dropdown-picker
8 verbose argv "install" "react-native-dropdown-picker" "--cache" ".\\.npm-cache"
9 verbose logfile logs-max:10 dir:C:\Users\HP\Documents\Lastfundiki\fundiki_mobileapp\.npm-cache\_logs\2026-05-16T22_22_15_709Z-
10 verbose logfile C:\Users\HP\Documents\Lastfundiki\fundiki_mobileapp\.npm-cache\_logs\2026-05-16T22_22_15_709Z-debug-0.log
11 silly logfile done cleaning log files
12 silly packumentCache heap:4345298944 maxSize:1086324736 maxEntrySize:543162368
13 silly idealTree buildDeps
14 silly fetch manifest react-native-dropdown-picker@^5.4.6
15 silly packumentCache full:https://registry.npmjs.org/react-native-dropdown-picker cache-miss
16 http fetch GET 200 https://registry.npmjs.org/npm 3091ms
17 http fetch GET 200 https://registry.npmjs.org/react-native-dropdown-picker 1264ms (cache miss)
18 silly packumentCache full:https://registry.npmjs.org/react-native-dropdown-picker set size:undefined disposed:false
19 silly fetch manifest react@19.1.0
20 silly packumentCache full:https://registry.npmjs.org/react cache-miss
21 http fetch GET 200 https://registry.npmjs.org/react 653ms (cache miss)
22 silly packumentCache full:https://registry.npmjs.org/react set size:undefined disposed:false
23 silly fetch manifest react-native@0.81.5
24 silly packumentCache full:https://registry.npmjs.org/react-native cache-miss
25 http fetch GET 200 https://registry.npmjs.org/react-native 648ms (cache miss)
26 silly packumentCache full:https://registry.npmjs.org/react-native set size:undefined disposed:false
27 silly fetch manifest @types/react@~19.1.0
28 silly packumentCache full:https://registry.npmjs.org/@types%2freact cache-miss
29 http fetch GET 200 https://registry.npmjs.org/@types%2freact 274ms (cache miss)
30 silly packumentCache full:https://registry.npmjs.org/@types%2freact set size:undefined disposed:false
31 silly placeDep ROOT react-native-dropdown-picker@5.4.6 REPLACE for: fundkimobileapp@1.0.0 want: ^5.4.6
32 warn EBADENGINE Unsupported engine {
32 warn EBADENGINE   package: 'eslint-visitor-keys@5.0.1',
32 warn EBADENGINE   required: { node: '^20.19.0 || ^22.13.0 || >=24' },
32 warn EBADENGINE   current: { node: 'v22.12.0', npm: '10.9.0' }
32 warn EBADENGINE }
33 silly reify moves {}
34 silly audit bulk request {
34 silly audit   '@0no-co/graphql.web': [ '1.2.0' ],
34 silly audit   '@babel/code-frame': [ '7.10.4', '7.29.0' ],
34 silly audit   '@babel/compat-data': [ '7.29.0' ],
34 silly audit   '@babel/core': [ '7.29.0' ],
34 silly audit   semver: [ '6.3.1', '7.6.3', '7.7.2', '7.7.4' ],
34 silly audit   '@babel/generator': [ '7.29.1' ],
34 silly audit   '@babel/helper-annotate-as-pure': [ '7.27.3' ],
34 silly audit   '@babel/helper-compilation-targets': [ '7.28.6' ],
34 silly audit   '@babel/helper-create-class-features-plugin': [ '7.28.6' ],
34 silly audit   '@babel/helper-create-regexp-features-plugin': [ '7.28.5' ],
34 silly audit   '@babel/helper-define-polyfill-provider': [ '0.6.8' ],
34 silly audit   resolve: [ '1.22.12', '1.7.1', '2.0.0-next.6' ],
34 silly audit   '@babel/helper-globals': [ '7.28.0' ],
34 silly audit   '@babel/helper-member-expression-to-functions': [ '7.28.5' ],
34 silly audit   '@babel/helper-module-imports': [ '7.28.6' ],
34 silly audit   '@babel/helper-module-transforms': [ '7.28.6' ],
34 silly audit   '@babel/helper-optimise-call-expression': [ '7.27.1' ],
34 silly audit   '@babel/helper-plugin-utils': [ '7.28.6' ],
34 silly audit   '@babel/helper-remap-async-to-generator': [ '7.27.1' ],
34 silly audit   '@babel/helper-replace-supers': [ '7.28.6' ],
34 silly audit   '@babel/helper-skip-transparent-expression-wrappers': [ '7.27.1' ],
34 silly audit   '@babel/helper-string-parser': [ '7.27.1' ],
34 silly audit   '@babel/helper-validator-identifier': [ '7.28.5' ],
34 silly audit   '@babel/helper-validator-option': [ '7.27.1' ],
34 silly audit   '@babel/helper-wrap-function': [ '7.28.6' ],
34 silly audit   '@babel/helpers': [ '7.29.2' ],
34 silly audit   '@babel/highlight': [ '7.25.9' ],
34 silly audit   'ansi-styles': [ '3.2.1', '4.3.0', '5.2.0' ],
34 silly audit   chalk: [ '2.4.2', '4.1.2' ],
34 silly audit   'color-convert': [ '1.9.3', '2.0.1' ],
34 silly audit   'color-name': [ '1.1.3', '1.1.4' ],
34 silly audit   'escape-string-regexp': [ '1.0.5', '4.0.0', '2.0.0' ],
34 silly audit   'has-flag': [ '3.0.0', '4.0.0' ],
34 silly audit   'supports-color': [ '5.5.0', '8.1.1', '7.2.0' ],
34 silly audit   '@babel/parser': [ '7.29.2' ],
34 silly audit   '@babel/plugin-proposal-decorators': [ '7.29.0' ],
34 silly audit   '@babel/plugin-proposal-export-default-from': [ '7.27.1' ],
34 silly audit   '@babel/plugin-syntax-async-generators': [ '7.8.4' ],
34 silly audit   '@babel/plugin-syntax-bigint': [ '7.8.3' ],
34 silly audit   '@babel/plugin-syntax-class-properties': [ '7.12.13' ],
34 silly audit   '@babel/plugin-syntax-class-static-block': [ '7.14.5' ],
34 silly audit   '@babel/plugin-syntax-decorators': [ '7.28.6' ],
34 silly audit   '@babel/plugin-syntax-dynamic-import': [ '7.8.3' ],
34 silly audit   '@babel/plugin-syntax-export-default-from': [ '7.28.6' ],
34 silly audit   '@babel/plugin-syntax-flow': [ '7.28.6' ],
34 silly audit   '@babel/plugin-syntax-import-attributes': [ '7.28.6' ],
34 silly audit   '@babel/plugin-syntax-import-meta': [ '7.10.4' ],
34 silly audit   '@babel/plugin-syntax-json-strings': [ '7.8.3' ],
34 silly audit   '@babel/plugin-syntax-jsx': [ '7.28.6' ],
34 silly audit   '@babel/plugin-syntax-logical-assignment-operators': [ '7.10.4' ],
34 silly audit   '@babel/plugin-syntax-nullish-coalescing-operator': [ '7.8.3' ],
34 silly audit   '@babel/plugin-syntax-numeric-separator': [ '7.10.4' ],
34 silly audit   '@babel/plugin-syntax-object-rest-spread': [ '7.8.3' ],
34 silly audit   '@babel/plugin-syntax-optional-catch-binding': [ '7.8.3' ],
34 silly audit   '@babel/plugin-syntax-optional-chaining': [ '7.8.3' ],
34 silly audit   '@babel/plugin-syntax-private-property-in-object': [ '7.14.5' ],
34 silly audit   '@babel/plugin-syntax-top-level-await': [ '7.14.5' ],
34 silly audit   '@babel/plugin-syntax-typescript': [ '7.28.6' ],
34 silly audit   '@babel/plugin-transform-arrow-functions': [ '7.27.1' ],
34 silly audit   '@babel/plugin-transform-async-generator-functions': [ '7.29.0' ],
34 silly audit   '@babel/plugin-transform-async-to-generator': [ '7.28.6' ],
34 silly audit   '@babel/plugin-transform-block-scoping': [ '7.28.6' ],
34 silly audit   '@babel/plugin-transform-class-properties': [ '7.28.6' ],
34 silly audit   '@babel/plugin-transform-class-static-block': [ '7.28.6' ],
34 silly audit   '@babel/plugin-transform-classes': [ '7.28.6' ],
34 silly audit   '@babel/plugin-transform-computed-properties': [ '7.28.6' ],
34 silly audit   '@babel/plugin-transform-destructuring': [ '7.28.5' ],
34 silly audit   '@babel/plugin-transform-export-namespace-from': [ '7.27.1' ],
34 silly audit   '@babel/plugin-transform-flow-strip-types': [ '7.27.1' ],
34 silly audit   '@babel/plugin-transform-for-of': [ '7.27.1' ],
34 silly audit   '@babel/plugin-transform-function-name': [ '7.27.1' ],
34 silly audit   '@babel/plugin-transform-literals': [ '7.27.1' ],
34 silly audit   '@babel/plugin-transform-logical-assignment-operators': [ '7.28.6' ],
34 silly audit   '@babel/plugin-transform-modules-commonjs': [ '7.28.6' ],
34 silly audit   '@babel/plugin-transform-named-capturing-groups-regex': [ '7.29.0' ],
34 silly audit   '@babel/plugin-transform-nullish-coalescing-operator': [ '7.28.6' ],
34 silly audit   '@babel/plugin-transform-numeric-separator': [ '7.28.6' ],
34 silly audit   '@babel/plugin-transform-object-rest-spread': [ '7.28.6' ],
34 silly audit   '@babel/plugin-transform-optional-catch-binding': [ '7.28.6' ],
34 silly audit   '@babel/plugin-transform-optional-chaining': [ '7.28.6' ],
34 silly audit   '@babel/plugin-transform-parameters': [ '7.27.7' ],
34 silly audit   '@babel/plugin-transform-private-methods': [ '7.28.6' ],
34 silly audit   '@babel/plugin-transform-private-property-in-object': [ '7.28.6' ],
34 silly audit   '@babel/plugin-transform-react-display-name': [ '7.28.0' ],
34 silly audit   '@babel/plugin-transform-react-jsx': [ '7.28.6' ],
34 silly audit   '@babel/plugin-transform-react-jsx-development': [ '7.27.1' ],
34 silly audit   '@babel/plugin-transform-react-jsx-self': [ '7.27.1' ],
34 silly audit   '@babel/plugin-transform-react-jsx-source': [ '7.27.1' ],
34 silly audit   '@babel/plugin-transform-react-pure-annotations': [ '7.27.1' ],
34 silly audit   '@babel/plugin-transform-regenerator': [ '7.29.0' ],
34 silly audit   '@babel/plugin-transform-runtime': [ '7.29.0' ],
34 silly audit   '@babel/plugin-transform-shorthand-properties': [ '7.27.1' ],
34 silly audit   '@babel/plugin-transform-spread': [ '7.28.6' ],
34 silly audit   '@babel/plugin-transform-sticky-regex': [ '7.27.1' ],
34 silly audit   '@babel/plugin-transform-template-literals': [ '7.27.1' ],
34 silly audit   '@babel/plugin-transform-typescript': [ '7.28.6' ],
34 silly audit   '@babel/plugin-transform-unicode-regex': [ '7.27.1' ],
34 silly audit   '@babel/preset-react': [ '7.28.5' ],
34 silly audit   '@babel/preset-typescript': [ '7.28.5' ],
34 silly audit   '@babel/runtime': [ '7.29.2' ],
34 silly audit   '@babel/template': [ '7.28.6' ],
34 silly audit   '@babel/traverse': [ '7.29.0' ],
34 silly audit   '@babel/types': [ '7.29.0' ],
34 silly audit   '@callstack/react-theme-provider': [ '3.0.9' ],
34 silly audit   deepmerge: [ '3.3.0', '4.3.1' ],
34 silly audit   '@egjs/hammerjs': [ '2.0.17' ],
34 silly audit   '@emnapi/core': [ '1.9.2' ],
34 silly audit   '@emnapi/runtime': [ '1.9.2' ],
34 silly audit   '@emnapi/wasi-threads': [ '1.2.1' ],
34 silly audit   '@eslint-community/eslint-utils': [ '4.9.1' ],
34 silly audit   'eslint-visitor-keys': [ '3.4.3', '5.0.1', '4.2.1' ],
34 silly audit   '@eslint-community/regexpp': [ '4.12.2' ],
34 silly audit   '@eslint/config-array': [ '0.21.2' ],
34 silly audit   '@eslint/config-helpers': [ '0.4.2' ],
34 silly audit   '@eslint/core': [ '0.17.0' ],
34 silly audit   '@eslint/eslintrc': [ '3.3.5' ],
34 silly audit   '@eslint/js': [ '9.39.4' ],
34 silly audit   '@eslint/object-schema': [ '2.1.7' ],
34 silly audit   '@eslint/plugin-kit': [ '0.4.1' ],
34 silly audit   '@expo-google-fonts/poppins': [ '0.4.1' ],
34 silly audit   '@expo/code-signing-certificates': [ '0.0.6' ],
34 silly audit   '@expo/config': [ '12.0.13' ],
34 silly audit   '@expo/config-plugins': [ '54.0.4' ],
34 silly audit   '@expo/config-types': [ '54.0.10' ],
34 silly audit   '@expo/devcert': [ '1.2.1' ],
34 silly audit   debug: [ '3.2.7', '2.6.9', '4.4.3' ],
34 silly audit   '@expo/devtools': [ '0.1.8' ],
34 silly audit   '@expo/env': [ '2.0.11' ],
34 silly audit   '@expo/fingerprint': [ '0.15.5' ],
34 silly audit   'balanced-match': [ '4.0.4', '1.0.2' ],
34 silly audit   'brace-expansion': [ '5.0.6', '5.0.5', '1.1.14', '2.1.0' ],
34 silly audit   minimatch: [ '10.2.5', '9.0.9', '3.1.5' ],
34 silly audit   '@expo/image-utils': [ '0.8.13' ],
34 silly audit   '@expo/json-file': [ '10.0.14' ],
34 silly audit   '@expo/metro': [ '54.2.0' ],
34 silly audit   '@expo/metro-config': [ '54.0.15' ],
34 silly audit   '@expo/metro-runtime': [ '6.1.2' ],
34 silly audit   '@expo/osascript': [ '2.4.3' ],
34 silly audit   '@expo/package-manager': [ '1.10.5' ],
34 silly audit   '@expo/plist': [ '0.4.8' ],
34 silly audit   '@expo/prebuild-config': [ '54.0.8' ],
34 silly audit   '@expo/require-utils': [ '55.0.4' ],
34 silly audit   '@expo/schema-utils': [ '0.1.8' ],
34 silly audit   '@expo/sdk-runtime-versions': [ '1.0.0' ],
34 silly audit   '@expo/spawn-async': [ '1.7.2' ],
34 silly audit   '@expo/sudo-prompt': [ '9.3.2' ],
34 silly audit   '@expo/vector-icons': [ '15.1.1' ],
34 silly audit   '@expo/ws-tunnel': [ '1.0.6' ],
34 silly audit   '@expo/xcpretty': [ '4.4.4' ],
34 silly audit   '@firebase/ai': [ '2.12.0', '2.9.0' ],
34 silly audit   '@firebase/app-check-interop-types': [ '0.3.4', '0.3.3' ],
34 silly audit   '@firebase/logger': [ '0.5.1', '0.5.0' ],
34 silly audit   '@firebase/analytics': [ '0.10.22', '0.10.20' ],
34 silly audit   '@firebase/analytics-compat': [ '0.2.28', '0.2.26' ],
34 silly audit   '@firebase/analytics-types': [ '0.8.4', '0.8.3' ],
34 silly audit   '@firebase/app': [ '0.14.12', '0.14.9' ],
34 silly audit   '@firebase/app-check': [ '0.11.3', '0.11.1' ],
34 silly audit   '@firebase/app-check-compat': [ '0.4.3', '0.4.1' ],
34 silly audit   '@firebase/app-check-types': [ '0.5.4', '0.5.3' ],
34 silly audit   '@firebase/app-compat': [ '0.5.12', '0.5.9' ],
34 silly audit   '@firebase/app-types': [ '0.9.5', '0.9.3' ],
34 silly audit   '@firebase/auth': [ '1.13.1', '1.12.1' ],
34 silly audit   '@firebase/auth-compat': [ '0.6.6', '0.6.3' ],
34 silly audit   '@firebase/auth-types': [ '0.13.1', '0.13.0' ],
34 silly audit   '@firebase/auth-interop-types': [ '0.2.4', '0.2.5' ],
34 silly audit   '@firebase/component': [ '0.7.3', '0.7.1' ],
34 silly audit   '@firebase/data-connect': [ '0.7.0', '0.4.0' ],
34 silly audit   '@firebase/database': [ '1.1.3', '1.1.1' ],
34 silly audit   '@firebase/database-compat': [ '2.1.4', '2.1.1' ],
34 silly audit   '@firebase/database-types': [ '1.0.20', '1.0.17' ],
34 silly audit   '@firebase/firestore': [ '4.14.1', '4.12.0' ],
34 silly audit   '@firebase/firestore-compat': [ '0.4.9', '0.4.6' ],
34 silly audit   '@firebase/firestore-types': [ '3.0.4', '3.0.3' ],
34 silly audit   '@firebase/webchannel-wrapper': [ '1.0.6', '1.0.5' ],
34 silly audit   '@firebase/functions': [ '0.13.4', '0.13.2' ],
34 silly audit   '@firebase/functions-compat': [ '0.4.4', '0.4.2' ],
34 silly audit   '@firebase/functions-types': [ '0.6.4', '0.6.3' ],
34 silly audit   '@firebase/messaging-interop-types': [ '0.2.4', '0.2.3' ],
34 silly audit   '@firebase/installations': [ '0.6.22', '0.6.20' ],
34 silly audit   '@firebase/installations-compat': [ '0.2.22', '0.2.20' ],
34 silly audit   '@firebase/installations-types': [ '0.5.4', '0.5.3' ],
34 silly audit   '@firebase/messaging': [ '0.12.26', '0.12.24' ],
34 silly audit   '@firebase/messaging-compat': [ '0.2.26', '0.2.24' ],
34 silly audit   '@firebase/performance': [ '0.7.12', '0.7.10' ],
34 silly audit   '@firebase/performance-compat': [ '0.2.25', '0.2.23' ],
34 silly audit   '@firebase/performance-types': [ '0.2.4', '0.2.3' ],
34 silly audit   '@firebase/remote-config': [ '0.8.3', '0.8.1' ],
34 silly audit   '@firebase/remote-config-compat': [ '0.2.24', '0.2.22' ],
34 silly audit   '@firebase/remote-config-types': [ '0.5.1', '0.5.0' ],
34 silly audit   '@firebase/storage': [ '0.14.3', '0.14.1' ],
34 silly audit   '@firebase/storage-compat': [ '0.4.3', '0.4.1' ],
34 silly audit   '@firebase/storage-types': [ '0.8.4', '0.8.3' ],
34 silly audit   '@firebase/util': [ '1.15.1', '1.14.0' ],
34 silly audit   '@grpc/grpc-js': [ '1.9.15' ],
34 silly audit   '@grpc/proto-loader': [ '0.7.15' ],
34 silly audit   '@humanfs/core': [ '0.19.1' ],
34 silly audit   '@humanfs/node': [ '0.16.7' ],
34 silly audit   '@humanwhocodes/module-importer': [ '1.0.1' ],
34 silly audit   '@humanwhocodes/retry': [ '0.4.3' ],
34 silly audit   '@isaacs/fs-minipass': [ '4.0.1' ],
34 silly audit   '@isaacs/ttlcache': [ '1.4.1' ],
34 silly audit   '@istanbuljs/load-nyc-config': [ '1.1.0' ],
34 silly audit   argparse: [ '1.0.10', '2.0.1' ],
34 silly audit   camelcase: [ '5.3.1', '6.3.0' ],
34 silly audit   'find-up': [ '4.1.0', '5.0.0' ],
34 silly audit   'js-yaml': [ '3.14.2', '4.1.1' ],
34 silly audit   'locate-path': [ '5.0.0', '6.0.0' ],
34 silly audit   'p-limit': [ '2.3.0', '3.1.0' ],
34 silly audit   'p-locate': [ '4.1.0', '5.0.0' ],
34 silly audit   '@istanbuljs/schema': [ '0.1.6' ],
34 silly audit   '@jest/create-cache-key-function': [ '29.7.0' ],
34 silly audit   '@jest/environment': [ '29.7.0' ],
34 silly audit   '@jest/fake-timers': [ '29.7.0' ],
34 silly audit   '@jest/schemas': [ '29.6.3' ],
34 silly audit   '@jest/transform': [ '29.7.0' ],
34 silly audit   '@jest/types': [ '29.6.3' ],
34 silly audit   '@jridgewell/gen-mapping': [ '0.3.13' ],
34 silly audit   '@jridgewell/remapping': [ '2.3.5' ],
34 silly audit   '@jridgewell/resolve-uri': [ '3.1.2' ],
34 silly audit   '@jridgewell/source-map': [ '0.3.11' ],
34 silly audit   '@jridgewell/sourcemap-codec': [ '1.5.5' ],
34 silly audit   '@jridgewell/trace-mapping': [ '0.3.31' ],
34 silly audit   '@napi-rs/wasm-runtime': [ '0.2.12' ],
34 silly audit   '@nolyfill/is-core-module': [ '1.0.39' ],
34 silly audit   '@protobufjs/aspromise': [ '1.1.2' ],
34 silly audit   '@protobufjs/base64': [ '1.1.2' ],
34 silly audit   '@protobufjs/codegen': [ '2.0.4' ],
34 silly audit   '@protobufjs/eventemitter': [ '1.1.0' ],
34 silly audit   '@protobufjs/fetch': [ '1.1.0' ],
34 silly audit   '@protobufjs/float': [ '1.0.2' ],
34 silly audit   '@protobufjs/inquire': [ '1.1.0' ],
34 silly audit   '@protobufjs/path': [ '1.1.2' ],
34 silly audit   '@protobufjs/pool': [ '1.1.0' ],
34 silly audit   '@protobufjs/utf8': [ '1.1.0' ],
34 silly audit   '@radix-ui/primitive': [ '1.1.3' ],
34 silly audit   '@radix-ui/react-collection': [ '1.1.7' ],
34 silly audit   '@radix-ui/react-slot': [ '1.2.3', '1.2.0' ],
34 silly audit   '@radix-ui/react-compose-refs': [ '1.1.2' ],
34 silly audit   '@radix-ui/react-context': [ '1.1.2' ],
34 silly audit   '@radix-ui/react-dialog': [ '1.1.15' ],
34 silly audit   '@radix-ui/react-direction': [ '1.1.1' ],
34 silly audit   '@radix-ui/react-dismissable-layer': [ '1.1.11' ],
34 silly audit   '@radix-ui/react-focus-guards': [ '1.1.3' ],
34 silly audit   '@radix-ui/react-focus-scope': [ '1.1.7' ],
34 silly audit   '@radix-ui/react-id': [ '1.1.1' ],
34 silly audit   '@radix-ui/react-portal': [ '1.1.9' ],
34 silly audit   '@radix-ui/react-presence': [ '1.1.5' ],
34 silly audit   '@radix-ui/react-primitive': [ '2.1.3' ],
34 silly audit   '@radix-ui/react-roving-focus': [ '1.1.11' ],
34 silly audit   '@radix-ui/react-tabs': [ '1.1.13' ],
34 silly audit   '@radix-ui/react-use-callback-ref': [ '1.1.1' ],
34 silly audit   '@radix-ui/react-use-controllable-state': [ '1.2.2' ],
34 silly audit   '@radix-ui/react-use-effect-event': [ '0.0.2' ],
34 silly audit   '@radix-ui/react-use-escape-keydown': [ '1.1.1' ],
34 silly audit   '@radix-ui/react-use-layout-effect': [ '1.1.1' ],
34 silly audit   '@react-native-async-storage/async-storage': [ '2.2.0' ],
34 silly audit   '@react-native-community/datetimepicker': [ '8.4.4' ],
34 silly audit   '@react-native-community/netinfo': [ '11.4.1' ],
34 silly audit   '@react-native-firebase/app': [ '24.0.0' ],
34 silly audit   firebase: [ '12.10.0', '12.13.0' ],
34 silly audit   '@react-native-firebase/auth': [ '24.0.0' ],
34 silly audit   '@react-native-picker/picker': [ '2.11.4' ],
34 silly audit   '@react-native/assets-registry': [ '0.81.5' ],
34 silly audit   '@react-native/babel-plugin-codegen': [ '0.81.5' ],
34 silly audit   '@react-native/babel-preset': [ '0.81.5' ],
34 silly audit   '@react-native/codegen': [ '0.81.5' ],
34 silly audit   glob: [ '7.2.3', '13.0.6' ],
34 silly audit   '@react-native/community-cli-plugin': [ '0.81.5' ],
34 silly audit   '@react-native/debugger-frontend': [ '0.81.5' ],
34 silly audit   '@react-native/dev-middleware': [ '0.81.5' ],
34 silly audit   ws: [ '6.2.3', '7.5.10', '8.20.1' ],
34 silly audit   '@react-native/gradle-plugin': [ '0.81.5' ],
34 silly audit   '@react-native/js-polyfills': [ '0.81.5' ],
34 silly audit   '@react-native/normalize-colors': [ '0.81.5', '0.74.89' ],
34 silly audit   '@react-navigation/bottom-tabs': [ '7.15.9' ],
34 silly audit   '@react-navigation/core': [ '7.17.2' ],
34 silly audit   '@react-navigation/elements': [ '2.9.14' ],
34 silly audit   '@react-navigation/native': [ '7.2.2' ],
34 silly audit   '@react-navigation/native-stack': [ '7.14.11' ],
34 silly audit   '@react-navigation/routers': [ '7.5.3' ],
34 silly audit   '@rtsao/scc': [ '1.1.0' ],
34 silly audit   '@sinclair/typebox': [ '0.27.10' ],
34 silly audit   '@sinonjs/commons': [ '3.0.1' ],
34 silly audit   '@sinonjs/fake-timers': [ '10.3.0' ],
34 silly audit   '@tanstack/query-core': [ '5.99.0' ],
34 silly audit   '@tanstack/react-query': [ '5.99.0' ],
34 silly audit   '@tybys/wasm-util': [ '0.10.1' ],
34 silly audit   '@types/babel__core': [ '7.20.5' ],
34 silly audit   '@types/babel__generator': [ '7.27.0' ],
34 silly audit   '@types/babel__template': [ '7.4.4' ],
34 silly audit   '@types/babel__traverse': [ '7.28.0' ],
34 silly audit   '@types/estree': [ '1.0.8' ],
34 silly audit   '@types/graceful-fs': [ '4.1.9' ],
34 silly audit   '@types/hammerjs': [ '2.0.46' ],
34 silly audit   '@types/istanbul-lib-coverage': [ '2.0.6' ],
34 silly audit   '@types/istanbul-lib-report': [ '3.0.3' ],
34 silly audit   '@types/istanbul-reports': [ '3.0.4' ],
34 silly audit   '@types/json-schema': [ '7.0.15' ],
34 silly audit   '@types/json5': [ '0.0.29' ],
34 silly audit   '@types/node': [ '25.6.0' ],
34 silly audit   '@types/react': [ '19.1.17' ],
34 silly audit   '@types/stack-utils': [ '2.0.3' ],
34 silly audit   '@types/yargs': [ '17.0.35' ],
34 silly audit   '@types/yargs-parser': [ '21.0.3' ],
34 silly audit   '@typescript-eslint/eslint-plugin': [ '8.58.2' ],
34 silly audit   ignore: [ '7.0.5', '5.3.2' ],
34 silly audit   '@typescript-eslint/parser': [ '8.58.2' ],
34 silly audit   '@typescript-eslint/project-service': [ '8.58.2' ],
34 silly audit   '@typescript-eslint/scope-manager': [ '8.58.2' ],
34 silly audit   '@typescript-eslint/tsconfig-utils': [ '8.58.2' ],
34 silly audit   '@typescript-eslint/type-utils': [ '8.58.2' ],
34 silly audit   '@typescript-eslint/types': [ '8.58.2' ],
34 silly audit   '@typescript-eslint/typescript-estree': [ '8.58.2' ],
34 silly audit   '@typescript-eslint/utils': [ '8.58.2' ],
34 silly audit   '@typescript-eslint/visitor-keys': [ '8.58.2' ],
34 silly audit   '@ungap/structured-clone': [ '1.3.0' ],
34 silly audit   '@unrs/resolver-binding-android-arm-eabi': [ '1.11.1' ],
34 silly audit   '@unrs/resolver-binding-android-arm64': [ '1.11.1' ],
34 silly audit   '@unrs/resolver-binding-darwin-arm64': [ '1.11.1' ],
34 silly audit   '@unrs/resolver-binding-darwin-x64': [ '1.11.1' ],
34 silly audit   '@unrs/resolver-binding-freebsd-x64': [ '1.11.1' ],
34 silly audit   '@unrs/resolver-binding-linux-arm-gnueabihf': [ '1.11.1' ],
34 silly audit   '@unrs/resolver-binding-linux-arm-musleabihf': [ '1.11.1' ],
34 silly audit   '@unrs/resolver-binding-linux-arm64-gnu': [ '1.11.1' ],
34 silly audit   '@unrs/resolver-binding-linux-arm64-musl': [ '1.11.1' ],
34 silly audit   '@unrs/resolver-binding-linux-ppc64-gnu': [ '1.11.1' ],
34 silly audit   '@unrs/resolver-binding-linux-riscv64-gnu': [ '1.11.1' ],
34 silly audit   '@unrs/resolver-binding-linux-riscv64-musl': [ '1.11.1' ],
34 silly audit   '@unrs/resolver-binding-linux-s390x-gnu': [ '1.11.1' ],
34 silly audit   '@unrs/resolver-binding-linux-x64-gnu': [ '1.11.1' ],
34 silly audit   '@unrs/resolver-binding-linux-x64-musl': [ '1.11.1' ],
34 silly audit   '@unrs/resolver-binding-wasm32-wasi': [ '1.11.1' ],
34 silly audit   '@unrs/resolver-binding-win32-arm64-msvc': [ '1.11.1' ],
34 silly audit   '@unrs/resolver-binding-win32-ia32-msvc': [ '1.11.1' ],
34 silly audit   '@unrs/resolver-binding-win32-x64-msvc': [ '1.11.1' ],
34 silly audit   '@urql/core': [ '5.2.0' ],
34 silly audit   '@urql/exchange-retry': [ '1.3.2' ],
34 silly audit   '@xmldom/xmldom': [ '0.8.12' ],
34 silly audit   'abort-controller': [ '3.0.0' ],
34 silly audit   accepts: [ '1.3.8' ],
34 silly audit   acorn: [ '8.16.0' ],
34 silly audit   'acorn-jsx': [ '5.3.2' ],
34 silly audit   'agent-base': [ '7.1.4' ],
34 silly audit   ajv: [ '6.14.0' ],
34 silly audit   anser: [ '1.4.10' ],
34 silly audit   'ansi-escapes': [ '4.3.2' ],
34 silly audit   'type-fest': [ '0.21.3', '0.7.1' ],
34 silly audit   'ansi-regex': [ '5.0.1', '4.1.1' ],
34 silly audit   'any-promise': [ '1.3.0' ],
34 silly audit   anymatch: [ '3.1.3' ],
34 silly audit   picomatch: [ '2.3.2', '4.0.4' ],
34 silly audit   arg: [ '5.0.2' ],
34 silly audit   'aria-hidden': [ '1.2.6' ],
34 silly audit   'array-buffer-byte-length': [ '1.0.2' ],
34 silly audit   'array-includes': [ '3.1.9' ],
34 silly audit   'array.prototype.findlast': [ '1.2.5' ],
34 silly audit   'array.prototype.findlastindex': [ '1.2.6' ],
34 silly audit   'array.prototype.flat': [ '1.3.3' ],
34 silly audit   'array.prototype.flatmap': [ '1.3.3' ],
34 silly audit   'array.prototype.tosorted': [ '1.1.4' ],
34 silly audit   'arraybuffer.prototype.slice': [ '1.0.4' ],
34 silly audit   asap: [ '2.0.6' ],
34 silly audit   'async-function': [ '1.0.0' ],
34 silly audit   'async-limiter': [ '1.0.1' ],
34 silly audit   asynckit: [ '0.4.0' ],
34 silly audit   'available-typed-arrays': [ '1.0.7' ],
34 silly audit   'await-lock': [ '2.2.2' ],
34 silly audit   axios: [ '1.15.0' ],
34 silly audit   'babel-jest': [ '29.7.0' ],
34 silly audit   'babel-plugin-istanbul': [ '6.1.1' ],
34 silly audit   'babel-plugin-jest-hoist': [ '29.6.3' ],
34 silly audit   'babel-plugin-polyfill-corejs2': [ '0.4.17' ],
34 silly audit   'babel-plugin-polyfill-corejs3': [ '0.13.0' ],
34 silly audit   'babel-plugin-polyfill-regenerator': [ '0.6.8' ],
34 silly audit   'babel-plugin-react-compiler': [ '1.0.0' ],
34 silly audit   'babel-plugin-react-native-web': [ '0.21.2' ],
34 silly audit   'babel-plugin-syntax-hermes-parser': [ '0.29.1' ],
34 silly audit   'babel-plugin-transform-flow-enums': [ '0.0.2' ],
34 silly audit   'babel-preset-current-node-syntax': [ '1.2.0' ],
34 silly audit   'babel-preset-expo': [ '54.0.10' ],
34 silly audit   'babel-preset-jest': [ '29.6.3' ],
34 silly audit   'base64-js': [ '1.5.1' ],
34 silly audit   'baseline-browser-mapping': [ '2.10.19' ],
34 silly audit   'better-opn': [ '3.0.2' ],
34 silly audit   open: [ '8.4.2', '7.4.2' ],
34 silly audit   'big-integer': [ '1.6.52' ],
34 silly audit   boolbase: [ '1.0.0' ],
34 silly audit   'bplist-creator': [ '0.1.0' ],
34 silly audit   'bplist-parser': [ '0.3.2', '0.3.1' ],
34 silly audit   braces: [ '3.0.3' ],
34 silly audit   browserslist: [ '4.28.2' ],
34 silly audit   bser: [ '2.1.1' ],
34 silly audit   buffer: [ '5.7.1' ],
34 silly audit   'buffer-from': [ '1.1.2' ],
34 silly audit   bytes: [ '3.1.2' ],
34 silly audit   'call-bind': [ '1.0.9' ],
34 silly audit   'call-bind-apply-helpers': [ '1.0.2' ],
34 silly audit   'call-bound': [ '1.0.4' ],
34 silly audit   callsites: [ '3.1.0' ],
34 silly audit   'caniuse-lite': [ '1.0.30001788' ],
34 silly audit   chownr: [ '3.0.0' ],
34 silly audit   'chrome-launcher': [ '0.15.2' ],
34 silly audit   'chromium-edge-launcher': [ '0.2.0' ],
34 silly audit   'ci-info': [ '3.9.0', '2.0.0' ],
34 silly audit   'cli-cursor': [ '2.1.0' ],
34 silly audit   'cli-spinners': [ '2.9.2' ],
34 silly audit   'client-only': [ '0.0.1' ],
34 silly audit   cliui: [ '8.0.1' ],
34 silly audit   'strip-ansi': [ '6.0.1', '5.2.0' ],
34 silly audit   clone: [ '1.0.4' ],
34 silly audit   color: [ '4.2.3', '3.2.1' ],
34 silly audit   'color-string': [ '1.9.1' ],
34 silly audit   'combined-stream': [ '1.0.8' ],
34 silly audit   commander: [ '7.2.0', '12.1.0', '4.1.1', '2.20.3' ],
34 silly audit   compressible: [ '2.0.18' ],
34 silly audit   compression: [ '1.8.1' ],
34 silly audit   ms: [ '2.0.0', '2.1.3' ],
34 silly audit   negotiator: [ '0.6.4', '0.6.3' ],
34 silly audit   'concat-map': [ '0.0.1' ],
34 silly audit   connect: [ '3.7.0' ],
34 silly audit   'convert-source-map': [ '2.0.0' ],
34 silly audit   'core-js-compat': [ '3.49.0' ],
34 silly audit   'cross-fetch': [ '3.2.0' ],
34 silly audit   'cross-spawn': [ '7.0.6' ],
34 silly audit   'css-in-js-utils': [ '3.1.0' ],
34 silly audit   'css-select': [ '5.2.2' ],
34 silly audit   'css-tree': [ '1.1.3' ],
34 silly audit   'source-map': [ '0.6.1', '0.5.7' ],
34 silly audit   'css-what': [ '6.2.2' ],
34 silly audit   csstype: [ '3.2.3' ],
34 silly audit   'data-view-buffer': [ '1.0.2' ],
34 silly audit   'data-view-byte-length': [ '1.0.2' ],
34 silly audit   'data-view-byte-offset': [ '1.0.1' ],
34 silly audit   'decode-uri-component': [ '0.2.2' ],
34 silly audit   'deep-extend': [ '0.6.0' ],
34 silly audit   'deep-is': [ '0.1.4' ],
34 silly audit   defaults: [ '1.0.4' ],
34 silly audit   'define-data-property': [ '1.1.4' ],
34 silly audit   'define-lazy-prop': [ '2.0.0' ],
34 silly audit   'define-properties': [ '1.2.1' ],
34 silly audit   'delayed-stream': [ '1.0.0' ],
34 silly audit   depd: [ '2.0.0' ],
34 silly audit   destroy: [ '1.2.0' ],
34 silly audit   'detect-libc': [ '2.1.2' ],
34 silly audit   'detect-node-es': [ '1.1.0' ],
34 silly audit   doctrine: [ '2.1.0' ],
34 silly audit   'dom-serializer': [ '2.0.0' ],
34 silly audit   domelementtype: [ '2.3.0' ],
34 silly audit   domhandler: [ '5.0.3' ],
34 silly audit   domutils: [ '3.2.2' ],
34 silly audit   dotenv: [ '16.4.7' ],
34 silly audit   'dotenv-expand': [ '11.0.7' ],
34 silly audit   'dunder-proto': [ '1.0.1' ],
34 silly audit   'ee-first': [ '1.1.1' ],
34 silly audit   'electron-to-chromium': [ '1.5.337' ],
34 silly audit   'emoji-regex': [ '8.0.0' ],
34 silly audit   encodeurl: [ '1.0.2', '2.0.0' ],
34 silly audit   entities: [ '4.5.0' ],
34 silly audit   'env-editor': [ '0.4.2' ],
34 silly audit   'error-stack-parser': [ '2.1.4' ],
34 silly audit   'es-abstract': [ '1.24.2' ],
34 silly audit   'es-define-property': [ '1.0.1' ],
34 silly audit   'es-errors': [ '1.3.0' ],
34 silly audit   'es-iterator-helpers': [ '1.3.2' ],
34 silly audit   'es-object-atoms': [ '1.1.1' ],
34 silly audit   'es-set-tostringtag': [ '2.1.0' ],
34 silly audit   'es-shim-unscopables': [ '1.1.0' ],
34 silly audit   'es-to-primitive': [ '1.3.0' ],
34 silly audit   escalade: [ '3.2.0' ],
34 silly audit   'escape-html': [ '1.0.3' ],
34 silly audit   eslint: [ '9.39.4' ],
34 silly audit   'eslint-config-expo': [ '10.0.0' ],
34 silly audit   globals: [ '16.5.0', '14.0.0' ],
34 silly audit   'eslint-import-resolver-node': [ '0.3.10' ],
34 silly audit   'eslint-import-resolver-typescript': [ '3.10.1' ],
34 silly audit   'eslint-module-utils': [ '2.12.1' ],
34 silly audit   'eslint-plugin-expo': [ '1.0.0' ],
34 silly audit   'eslint-plugin-import': [ '2.32.0' ],
34 silly audit   'eslint-plugin-react': [ '7.37.5' ],
34 silly audit   'eslint-plugin-react-hooks': [ '5.2.0' ],
34 silly audit   'eslint-scope': [ '8.4.0' ],
34 silly audit   espree: [ '10.4.0' ],
34 silly audit   esprima: [ '4.0.1' ],
34 silly audit   esquery: [ '1.7.0' ],
34 silly audit   esrecurse: [ '4.3.0' ],
34 silly audit   estraverse: [ '5.3.0' ],
34 silly audit   esutils: [ '2.0.3' ],
34 silly audit   etag: [ '1.8.1' ],
34 silly audit   'event-target-shim': [ '5.0.1' ],
34 silly audit   expo: [ '54.0.34' ],
34 silly audit   'expo-asset': [ '12.0.13' ],
34 silly audit   'expo-constants': [ '18.0.13' ],
34 silly audit   'expo-file-system': [ '19.0.22' ],
34 silly audit   'expo-font': [ '14.0.11' ],
34 silly audit   'expo-haptics': [ '15.0.8' ],
34 silly audit   'expo-image': [ '3.0.11' ],
34 silly audit   'expo-image-loader': [ '55.0.0' ],
34 silly audit   'expo-image-picker': [ '55.0.20' ],
34 silly audit   'expo-keep-awake': [ '15.0.8' ],
34 silly audit   'expo-linking': [ '8.0.11' ],
34 silly audit   'expo-modules-autolinking': [ '3.0.25' ],
34 silly audit   'expo-modules-core': [ '3.0.30' ],
34 silly audit   'expo-router': [ '6.0.23' ],
34 silly audit   'expo-secure-store': [ '15.0.8' ],
34 silly audit   'expo-server': [ '1.0.6' ],
34 silly audit   'expo-splash-screen': [ '31.0.13' ],
34 silly audit   'expo-sqlite': [ '16.0.10' ],
34 silly audit   'expo-status-bar': [ '3.0.9' ],
34 silly audit   'expo-symbols': [ '1.0.8' ],
34 silly audit   'expo-system-ui': [ '6.0.9' ],
34 silly audit   'expo-web-browser': [ '15.0.10' ],
34 silly audit   '@expo/cli': [ '54.0.24' ],
34 silly audit   'exponential-backoff': [ '3.1.3' ],
34 silly audit   'fast-deep-equal': [ '3.1.3' ],
34 silly audit   'fast-json-stable-stringify': [ '2.1.0' ],
34 silly audit   'fast-levenshtein': [ '2.0.6' ],
34 silly audit   'faye-websocket': [ '0.11.4' ],
34 silly audit   'fb-watchman': [ '2.0.2' ],
34 silly audit   fbjs: [ '3.0.5' ],
34 silly audit   'fbjs-css-vars': [ '1.0.2' ],
34 silly audit   promise: [ '7.3.1', '8.3.0' ],
34 silly audit   fdir: [ '6.5.0' ],
34 silly audit   'file-entry-cache': [ '8.0.0' ],
34 silly audit   'fill-range': [ '7.1.1' ],
34 silly audit   'filter-obj': [ '1.1.0' ],
34 silly audit   finalhandler: [ '1.1.2' ],
34 silly audit   'flat-cache': [ '4.0.1' ],
34 silly audit   flatted: [ '3.4.2' ],
34 silly audit   'flow-enums-runtime': [ '0.0.6' ],
34 silly audit   'follow-redirects': [ '1.16.0' ],
34 silly audit   fontfaceobserver: [ '2.3.0' ],
34 silly audit   'for-each': [ '0.3.5' ],
34 silly audit   'form-data': [ '4.0.5' ],
34 silly audit   'freeport-async': [ '2.0.0' ],
34 silly audit   fresh: [ '0.5.2' ],
34 silly audit   'fs.realpath': [ '1.0.0' ],
34 silly audit   fsevents: [ '2.3.3' ],
34 silly audit   'function-bind': [ '1.1.2' ],
34 silly audit   'function.prototype.name': [ '1.1.8' ],
34 silly audit   'functions-have-names': [ '1.2.3' ],
34 silly audit   'generator-function': [ '2.0.1' ],
34 silly audit   gensync: [ '1.0.0-beta.2' ],
34 silly audit   'get-caller-file': [ '2.0.5' ],
34 silly audit   'get-intrinsic': [ '1.3.0' ],
34 silly audit   'get-nonce': [ '1.0.1' ],
34 silly audit   'get-package-type': [ '0.1.0' ],
34 silly audit   'get-proto': [ '1.0.1' ],
34 silly audit   'get-symbol-description': [ '1.1.0' ],
34 silly audit   'get-tsconfig': [ '4.14.0' ],
34 silly audit   getenv: [ '2.0.0' ],
34 silly audit   'glob-parent': [ '6.0.2' ],
34 silly audit   globalthis: [ '1.0.4' ],
34 silly audit   gopd: [ '1.2.0' ],
34 silly audit   'graceful-fs': [ '4.2.11' ],
34 silly audit   'has-bigints': [ '1.1.0' ],
34 silly audit   'has-property-descriptors': [ '1.0.2' ],
34 silly audit   'has-proto': [ '1.2.0' ],
34 silly audit   'has-symbols': [ '1.1.0' ],
34 silly audit   'has-tostringtag': [ '1.0.2' ],
34 silly audit   hasown: [ '2.0.2' ],
34 silly audit   'hermes-estree': [ '0.29.1', '0.32.0' ],
34 silly audit   'hermes-parser': [ '0.29.1', '0.32.0' ],
34 silly audit   'hoist-non-react-statics': [ '3.3.2' ],
34 silly audit   'react-is': [ '16.13.1', '18.3.1', '19.2.5' ],
34 silly audit   'hosted-git-info': [ '7.0.2' ],
34 silly audit   'lru-cache': [ '10.4.3', '5.1.1', '11.3.5' ],
34 silly audit   'http-errors': [ '2.0.1' ],
34 silly audit   statuses: [ '2.0.2', '1.5.0' ],
34 silly audit   'http-parser-js': [ '0.5.10' ],
34 silly audit   'https-proxy-agent': [ '7.0.6' ],
34 silly audit   'hyphenate-style-name': [ '1.1.0' ],
34 silly audit   idb: [ '7.1.1' ],
34 silly audit   ieee754: [ '1.2.1' ],
34 silly audit   'image-size': [ '1.2.1' ],
34 silly audit   'import-fresh': [ '3.3.1' ],
34 silly audit   'resolve-from': [ '4.0.0', '5.0.0' ],
34 silly audit   imurmurhash: [ '0.1.4' ],
34 silly audit   inflight: [ '1.0.6' ],
34 silly audit   inherits: [ '2.0.4' ],
34 silly audit   ini: [ '1.3.8' ],
34 silly audit   'inline-style-prefixer': [ '7.0.1' ],
34 silly audit   'internal-slot': [ '1.1.0' ],
34 silly audit   invariant: [ '2.2.4' ],
34 silly audit   'is-array-buffer': [ '3.0.5' ],
34 silly audit   'is-arrayish': [ '0.3.4' ],
34 silly audit   'is-async-function': [ '2.1.1' ],
34 silly audit   'is-bigint': [ '1.1.0' ],
34 silly audit   'is-boolean-object': [ '1.2.2' ],
34 silly audit   'is-bun-module': [ '2.0.0' ],
34 silly audit   'is-callable': [ '1.2.7' ],
34 silly audit   'is-core-module': [ '2.16.1' ],
34 silly audit   'is-data-view': [ '1.0.2' ],
34 silly audit   'is-date-object': [ '1.1.0' ],
34 silly audit   'is-docker': [ '2.2.1' ],
34 silly audit   'is-extglob': [ '2.1.1' ],
34 silly audit   'is-finalizationregistry': [ '1.1.1' ],
34 silly audit   'is-fullwidth-code-point': [ '3.0.0' ],
34 silly audit   'is-generator-function': [ '1.1.2' ],
34 silly audit   'is-glob': [ '4.0.3' ],
34 silly audit   'is-map': [ '2.0.3' ],
34 silly audit   'is-negative-zero': [ '2.0.3' ],
34 silly audit   'is-number': [ '7.0.0' ],
34 silly audit   'is-number-object': [ '1.1.1' ],
34 silly audit   'is-plain-obj': [ '2.1.0' ],
34 silly audit   'is-regex': [ '1.2.1' ],
34 silly audit   'is-set': [ '2.0.3' ],
34 silly audit   'is-shared-array-buffer': [ '1.0.4' ],
34 silly audit   'is-string': [ '1.1.1' ],
34 silly audit   'is-symbol': [ '1.1.1' ],
34 silly audit   'is-typed-array': [ '1.1.15' ],
34 silly audit   'is-weakmap': [ '2.0.2' ],
34 silly audit   'is-weakref': [ '1.1.1' ],
34 silly audit   'is-weakset': [ '2.0.4' ],
34 silly audit   'is-wsl': [ '2.2.0' ],
34 silly audit   isarray: [ '2.0.5' ],
34 silly audit   isexe: [ '2.0.0' ],
34 silly audit   'istanbul-lib-coverage': [ '3.2.2' ],
34 silly audit   'istanbul-lib-instrument': [ '5.2.1' ],
34 silly audit   'iterator.prototype': [ '1.1.5' ],
34 silly audit   'jest-environment-node': [ '29.7.0' ],
34 silly audit   'jest-get-type': [ '29.6.3' ],
34 silly audit   'jest-haste-map': [ '29.7.0' ],
34 silly audit   'jest-message-util': [ '29.7.0' ],
34 silly audit   'jest-mock': [ '29.7.0' ],
34 silly audit   'jest-regex-util': [ '29.6.3' ],
34 silly audit   'jest-util': [ '29.7.0' ],
34 silly audit   'jest-validate': [ '29.7.0' ],
34 silly audit   'jest-worker': [ '29.7.0' ],
34 silly audit   'jimp-compact': [ '0.16.1' ],
34 silly audit   'js-tokens': [ '4.0.0' ],
34 silly audit   'jsc-safe-url': [ '0.2.4' ],
34 silly audit   jsesc: [ '3.1.0' ],
34 silly audit   'json-buffer': [ '3.0.1' ],
34 silly audit   'json-schema-traverse': [ '0.4.1' ],
34 silly audit   'json-stable-stringify-without-jsonify': [ '1.0.1' ],
34 silly audit   json5: [ '2.2.3', '1.0.2' ],
34 silly audit   'jsx-ast-utils': [ '3.3.5' ],
34 silly audit   keyv: [ '4.5.4' ],
34 silly audit   kleur: [ '3.0.3' ],
34 silly audit   'lan-network': [ '0.2.1' ],
34 silly audit   leven: [ '3.1.0' ],
34 silly audit   levn: [ '0.4.1' ],
34 silly audit   'lighthouse-logger': [ '1.4.2' ],
34 silly audit   lightningcss: [ '1.32.0' ],
34 silly audit   'lightningcss-android-arm64': [ '1.32.0' ],
34 silly audit   'lightningcss-darwin-arm64': [ '1.32.0' ],
34 silly audit   'lightningcss-darwin-x64': [ '1.32.0' ],
34 silly audit   'lightningcss-freebsd-x64': [ '1.32.0' ],
34 silly audit   'lightningcss-linux-arm-gnueabihf': [ '1.32.0' ],
34 silly audit   'lightningcss-linux-arm64-gnu': [ '1.32.0' ],
34 silly audit   'lightningcss-linux-arm64-musl': [ '1.32.0' ],
34 silly audit   'lightningcss-linux-x64-gnu': [ '1.32.0' ],
34 silly audit   'lightningcss-linux-x64-musl': [ '1.32.0' ],
34 silly audit   'lightningcss-win32-arm64-msvc': [ '1.32.0' ],
34 silly audit   'lightningcss-win32-x64-msvc': [ '1.32.0' ],
34 silly audit   'lines-and-columns': [ '1.2.4' ],
34 silly audit   lodash: [ '4.18.1' ],
34 silly audit   'lodash.camelcase': [ '4.3.0' ],
34 silly audit   'lodash.debounce': [ '4.0.8' ],
34 silly audit   'lodash.merge': [ '4.6.2' ],
34 silly audit   'lodash.throttle': [ '4.1.1' ],
34 silly audit   'log-symbols': [ '2.2.0' ],
34 silly audit   long: [ '5.3.2' ],
34 silly audit   'loose-envify': [ '1.4.0' ],
34 silly audit   makeerror: [ '1.0.12' ],
34 silly audit   marky: [ '1.3.0' ],
34 silly audit   'math-intrinsics': [ '1.1.0' ],
34 silly audit   'mdn-data': [ '2.0.14' ],
34 silly audit   'memoize-one': [ '5.2.1', '6.0.0' ],
34 silly audit   'merge-options': [ '3.0.4' ],
34 silly audit   'merge-stream': [ '2.0.0' ],
34 silly audit   metro: [ '0.83.3' ],
34 silly audit   'metro-babel-transformer': [ '0.83.3' ],
34 silly audit   'metro-cache': [ '0.83.3' ],
34 silly audit   'metro-cache-key': [ '0.83.3' ],
34 silly audit   'metro-config': [ '0.83.3' ],
34 silly audit   'metro-core': [ '0.83.3' ],
34 silly audit   'metro-file-map': [ '0.83.3' ],
34 silly audit   'metro-minify-terser': [ '0.83.3' ],
34 silly audit   'metro-resolver': [ '0.83.3' ],
34 silly audit   'metro-runtime': [ '0.83.3' ],
34 silly audit   'metro-source-map': [ '0.83.3' ],
34 silly audit   'metro-symbolicate': [ '0.83.3' ],
34 silly audit   'metro-transform-plugins': [ '0.83.3' ],
34 silly audit   'metro-transform-worker': [ '0.83.3' ],
34 silly audit   micromatch: [ '4.0.8' ],
34 silly audit   mime: [ '1.6.0' ],
34 silly audit   'mime-db': [ '1.54.0', '1.52.0' ],
34 silly audit   'mime-types': [ '2.1.35' ],
34 silly audit   'mimic-fn': [ '1.2.0' ],
34 silly audit   minimist: [ '1.2.8' ],
34 silly audit   minipass: [ '7.1.3' ],
34 silly audit   minizlib: [ '3.1.0' ],
34 silly audit   mkdirp: [ '1.0.4' ],
34 silly audit   moment: [ '2.30.1' ],
34 silly audit   mz: [ '2.7.0' ],
34 silly audit   nanoid: [ '3.3.11' ],
34 silly audit   'napi-postinstall': [ '0.3.4' ],
34 silly audit   'natural-compare': [ '1.4.0' ],
34 silly audit   'nested-error-stacks': [ '2.0.1' ],
34 silly audit   'node-exports-info': [ '1.6.0' ],
34 silly audit   'node-fetch': [ '2.7.0' ],
34 silly audit   'node-forge': [ '1.4.0' ],
34 silly audit   'node-int64': [ '0.4.0' ],
34 silly audit   'node-releases': [ '2.0.37' ],
34 silly audit   'normalize-path': [ '3.0.0' ],
34 silly audit   'npm-package-arg': [ '11.0.3' ],
34 silly audit   'nth-check': [ '2.1.1' ],
34 silly audit   nullthrows: [ '1.1.1' ],
34 silly audit   ob1: [ '0.83.3' ],
34 silly audit   'object-assign': [ '4.1.1' ],
34 silly audit   'object-inspect': [ '1.13.4' ],
34 silly audit   'object-keys': [ '1.1.1' ],
34 silly audit   'object.assign': [ '4.1.7' ],
34 silly audit   'object.entries': [ '1.1.9' ],
34 silly audit   'object.fromentries': [ '2.0.8' ],
34 silly audit   'object.groupby': [ '1.0.3' ],
34 silly audit   'object.values': [ '1.2.1' ],
34 silly audit   'on-finished': [ '2.3.0', '2.4.1' ],
34 silly audit   'on-headers': [ '1.1.0' ],
34 silly audit   once: [ '1.4.0' ],
34 silly audit   onetime: [ '2.0.1' ],
34 silly audit   optionator: [ '0.9.4' ],
34 silly audit   ora: [ '3.4.0' ],
34 silly audit   'own-keys': [ '1.0.1' ],
34 silly audit   'p-try': [ '2.2.0' ],
34 silly audit   'parent-module': [ '1.0.1' ],
34 silly audit   'parse-png': [ '2.1.0' ],
34 silly audit   parseurl: [ '1.3.3' ],
34 silly audit   'path-exists': [ '4.0.0' ],
34 silly audit   'path-is-absolute': [ '1.0.1' ],
34 silly audit   'path-key': [ '3.1.1' ],
34 silly audit   'path-parse': [ '1.0.7' ],
34 silly audit   'path-scurry': [ '2.0.2' ],
34 silly audit   picocolors: [ '1.1.1' ],
34 silly audit   pirates: [ '4.0.7' ],
34 silly audit   plist: [ '3.1.0' ],
34 silly audit   pngjs: [ '3.4.0' ],
34 silly audit   'possible-typed-array-names': [ '1.1.0' ],
34 silly audit   postcss: [ '8.4.49' ],
34 silly audit   'postcss-value-parser': [ '4.2.0' ],
34 silly audit   'prelude-ls': [ '1.2.1' ],
34 silly audit   'pretty-bytes': [ '5.6.0' ],
34 silly audit   'pretty-format': [ '29.7.0' ],
34 silly audit   'proc-log': [ '4.2.0' ],
34 silly audit   progress: [ '2.0.3' ],
34 silly audit   prompts: [ '2.4.2' ],
34 silly audit   'prop-types': [ '15.8.1' ],
34 silly audit   protobufjs: [ '7.5.5' ],
34 silly audit   'proxy-from-env': [ '2.1.0' ],
34 silly audit   punycode: [ '2.3.1' ],
34 silly audit   'qrcode-terminal': [ '0.11.0' ],
34 silly audit   'query-string': [ '7.1.3' ],
34 silly audit   queue: [ '6.0.2' ],
34 silly audit   'range-parser': [ '1.2.1' ],
34 silly audit   rc: [ '1.2.8' ],
34 silly audit   'strip-json-comments': [ '2.0.1', '3.1.1' ],
34 silly audit   react: [ '19.1.0' ],
34 silly audit   'react-devtools-core': [ '6.1.5' ],
34 silly audit   'react-dom': [ '19.1.0' ],
34 silly audit   'react-fast-compare': [ '3.2.2' ],
34 silly audit   'react-freeze': [ '1.0.4' ],
34 silly audit   'react-hook-form': [ '7.72.1' ],
34 silly audit   'react-native': [ '0.81.5' ],
34 silly audit   'react-native-calendars': [ '1.1314.0' ],
34 silly audit   'react-native-gesture-handler': [ '2.28.0' ],
34 silly audit   'react-native-is-edge-to-edge': [ '1.3.1' ],
34 silly audit   'react-native-paper': [ '5.15.1' ],
34 silly audit   'react-native-ratings': [ '8.1.0' ],
34 silly audit   'react-native-reanimated': [ '4.1.7' ],
34 silly audit   'react-native-responsive-screen': [ '1.4.2' ],
34 silly audit   'react-native-safe-area-context': [ '5.6.2' ],
34 silly audit   'react-native-screens': [ '4.16.0' ],
34 silly audit   'react-native-svg': [ '15.12.1' ],
34 silly audit   'react-native-swipe-gestures': [ '1.0.5' ],
34 silly audit   'react-native-web': [ '0.21.2' ],
34 silly audit   'react-native-worklets': [ '0.5.1' ],
34 silly audit   '@react-native/virtualized-lists': [ '0.81.5' ],
34 silly audit   'react-refresh': [ '0.14.2' ],
34 silly audit   'react-remove-scroll': [ '2.7.2' ],
34 silly audit   'react-remove-scroll-bar': [ '2.3.8' ],
34 silly audit   'react-style-singleton': [ '2.2.3' ],
34 silly audit   recyclerlistview: [ '4.2.3' ],
34 silly audit   'reflect.getprototypeof': [ '1.0.10' ],
34 silly audit   regenerate: [ '1.4.2' ],
34 silly audit   'regenerate-unicode-properties': [ '10.2.2' ],
34 silly audit   'regenerator-runtime': [ '0.13.11' ],
34 silly audit   'regexp.prototype.flags': [ '1.5.4' ],
34 silly audit   'regexpu-core': [ '6.4.0' ],
34 silly audit   regjsgen: [ '0.8.0' ],
34 silly audit   regjsparser: [ '0.13.1' ],
34 silly audit   'require-directory': [ '2.1.1' ],
34 silly audit   'require-from-string': [ '2.0.2' ],
34 silly audit   requireg: [ '0.2.2' ],
34 silly audit   'resolve-pkg-maps': [ '1.0.0' ],
34 silly audit   'resolve-workspace-root': [ '2.0.1' ],
34 silly audit   'resolve.exports': [ '2.0.3' ],
34 silly audit   'restore-cursor': [ '2.0.0' ],
34 silly audit   rimraf: [ '3.0.2' ],
34 silly audit   'safe-array-concat': [ '1.1.3' ],
34 silly audit   'safe-buffer': [ '5.2.1' ],
34 silly audit   'safe-push-apply': [ '1.0.0' ],
34 silly audit   'safe-regex-test': [ '1.1.0' ],
34 silly audit   sax: [ '1.6.0' ],
34 silly audit   scheduler: [ '0.26.0' ],
34 silly audit   send: [ '0.19.2' ],
34 silly audit   'serialize-error': [ '2.1.0' ],
34 silly audit   'serve-static': [ '1.16.3' ],
34 silly audit   'server-only': [ '0.0.1' ],
34 silly audit   'set-function-length': [ '1.2.2' ],
34 silly audit   'set-function-name': [ '2.0.2' ],
34 silly audit   'set-proto': [ '1.0.0' ],
34 silly audit   setimmediate: [ '1.0.5' ],
34 silly audit   setprototypeof: [ '1.2.0' ],
34 silly audit   'sf-symbols-typescript': [ '2.2.0' ],
34 silly audit   shallowequal: [ '1.1.0' ],
34 silly audit   'shebang-command': [ '2.0.0' ],
34 silly audit   'shebang-regex': [ '3.0.0' ],
34 silly audit   'shell-quote': [ '1.8.3' ],
34 silly audit   'side-channel': [ '1.1.0' ],
34 silly audit   'side-channel-list': [ '1.0.1' ],
34 silly audit   'side-channel-map': [ '1.0.1' ],
34 silly audit   'side-channel-weakmap': [ '1.0.2' ],
34 silly audit   'signal-exit': [ '3.0.7' ],
34 silly audit   'simple-plist': [ '1.3.1' ],
34 silly audit   'simple-swizzle': [ '0.2.4' ],
34 silly audit   sisteransi: [ '1.0.5' ],
34 silly audit   slash: [ '3.0.0' ],
34 silly audit   slugify: [ '1.6.9' ],
34 silly audit   'source-map-js': [ '1.2.1' ],
34 silly audit   'source-map-support': [ '0.5.21' ],
34 silly audit   'split-on-first': [ '1.1.0' ],
34 silly audit   'sprintf-js': [ '1.0.3' ],
34 silly audit   'stable-hash': [ '0.0.5' ],
34 silly audit   'stack-utils': [ '2.0.6' ],
34 silly audit   stackframe: [ '1.3.4' ],
34 silly audit   'stacktrace-parser': [ '0.1.11' ],
34 silly audit   'stop-iteration-iterator': [ '1.1.0' ],
34 silly audit   'stream-buffers': [ '2.2.0' ],
34 silly audit   'strict-uri-encode': [ '2.0.0' ],
34 silly audit   'string-width': [ '4.2.3' ],
34 silly audit   'string.prototype.matchall': [ '4.0.12' ],
34 silly audit   'string.prototype.repeat': [ '1.0.0' ],
34 silly audit   'string.prototype.trim': [ '1.2.10' ],
34 silly audit   'string.prototype.trimend': [ '1.0.9' ],
34 silly audit   'string.prototype.trimstart': [ '1.0.8' ],
34 silly audit   'strip-bom': [ '3.0.0' ],
34 silly audit   'structured-headers': [ '0.4.1' ],
34 silly audit   styleq: [ '0.1.3' ],
34 silly audit   sucrase: [ '3.35.1' ],
34 silly audit   'supports-hyperlinks': [ '2.3.0' ],
34 silly audit   'supports-preserve-symlinks-flag': [ '1.0.0' ],
34 silly audit   tar: [ '7.5.15' ],
34 silly audit   yallist: [ '5.0.0', '3.1.1' ],
34 silly audit   'terminal-link': [ '2.1.1' ],
34 silly audit   terser: [ '5.46.1' ],
34 silly audit   'test-exclude': [ '6.0.0' ],
34 silly audit   thenify: [ '3.3.1' ],
34 silly audit   'thenify-all': [ '1.6.0' ],
34 silly audit   throat: [ '5.0.0' ],
34 silly audit   tinyglobby: [ '0.2.16' ],
34 silly audit   tmpl: [ '1.0.5' ],
34 silly audit   'to-regex-range': [ '5.0.1' ],
34 silly audit   toidentifier: [ '1.0.1' ],
34 silly audit   tr46: [ '0.0.3' ],
34 silly audit   'ts-api-utils': [ '2.5.0' ],
34 silly audit   'ts-interface-checker': [ '0.1.13' ],
34 silly audit   'ts-object-utils': [ '0.0.5' ],
34 silly audit   'tsconfig-paths': [ '3.15.0' ],
34 silly audit   tslib: [ '2.8.1' ],
34 silly audit   'type-check': [ '0.4.0' ],
34 silly audit   'type-detect': [ '4.0.8' ],
34 silly audit   'typed-array-buffer': [ '1.0.3' ],
34 silly audit   'typed-array-byte-length': [ '1.0.3' ],
34 silly audit   'typed-array-byte-offset': [ '1.0.4' ],
34 silly audit   'typed-array-length': [ '1.0.7' ],
34 silly audit   typescript: [ '5.9.3' ],
34 silly audit   'ua-parser-js': [ '1.0.41' ],
34 silly audit   'unbox-primitive': [ '1.1.0' ],
34 silly audit   undici: [ '6.25.0' ],
34 silly audit   'undici-types': [ '7.19.2' ],
34 silly audit   'unicode-canonical-property-names-ecmascript': [ '2.0.1' ],
34 silly audit   'unicode-match-property-ecmascript': [ '2.0.0' ],
34 silly audit   'unicode-match-property-value-ecmascript': [ '2.2.1' ],
34 silly audit   'unicode-property-aliases-ecmascript': [ '2.2.0' ],
34 silly audit   unpipe: [ '1.0.0' ],
34 silly audit   'unrs-resolver': [ '1.11.1' ],
34 silly audit   'update-browserslist-db': [ '1.2.3' ],
34 silly audit   'uri-js': [ '4.4.1' ],
34 silly audit   'use-callback-ref': [ '1.3.3' ],
34 silly audit   'use-latest-callback': [ '0.2.6' ],
34 silly audit   'use-sidecar': [ '1.1.3' ],
34 silly audit   'use-sync-external-store': [ '1.6.0' ],
34 silly audit   'utils-merge': [ '1.0.1' ],
34 silly audit   uuid: [ '7.0.3' ],
34 silly audit   'validate-npm-package-name': [ '5.0.1' ],
34 silly audit   vary: [ '1.1.2' ],
34 silly audit   vaul: [ '1.1.2' ],
34 silly audit   vlq: [ '1.0.1' ],
34 silly audit   walker: [ '1.0.8' ],
34 silly audit   'warn-once': [ '0.1.1' ],
34 silly audit   wcwidth: [ '1.0.1' ],
34 silly audit   'web-vitals': [ '4.2.4' ],
34 silly audit   'webidl-conversions': [ '3.0.1', '5.0.0' ],
34 silly audit   'websocket-driver': [ '0.7.4' ],
34 silly audit   'websocket-extensions': [ '0.1.4' ],
34 silly audit   'whatwg-fetch': [ '3.6.20' ],
34 silly audit   'whatwg-url': [ '5.0.0' ],
34 silly audit   'whatwg-url-without-unicode': [ '8.0.0-3' ],
34 silly audit   which: [ '2.0.2' ],
34 silly audit   'which-boxed-primitive': [ '1.1.1' ],
34 silly audit   'which-builtin-type': [ '1.2.1' ],
34 silly audit   'which-collection': [ '1.0.2' ],
34 silly audit   'which-typed-array': [ '1.1.20' ],
34 silly audit   wonka: [ '6.3.6' ],
34 silly audit   'word-wrap': [ '1.2.5' ],
34 silly audit   'wrap-ansi': [ '7.0.0' ],
34 silly audit   wrappy: [ '1.0.2' ],
34 silly audit   'write-file-atomic': [ '4.0.2' ],
34 silly audit   xcode: [ '3.0.1' ],
34 silly audit   xdate: [ '0.8.3' ],
34 silly audit   xml2js: [ '0.6.0' ],
34 silly audit   xmlbuilder: [ '11.0.1', '15.1.1' ],
34 silly audit   y18n: [ '5.0.8' ],
34 silly audit   yaml: [ '2.8.3' ],
34 silly audit   yargs: [ '17.7.2' ],
34 silly audit   'yargs-parser': [ '21.1.1' ],
34 silly audit   'yocto-queue': [ '0.1.0' ],
34 silly audit   'react-native-dropdown-picker': [ '5.4.6' ]
34 silly audit }
35 verbose reify failed optional dependency C:\Users\HP\Documents\Lastfundiki\fundiki_mobileapp\node_modules\lightningcss-win32-arm64-msvc
36 silly reify mark deleted [
36 silly reify   'C:\\Users\\HP\\Documents\\Lastfundiki\\fundiki_mobileapp\\node_modules\\lightningcss-win32-arm64-msvc'
36 silly reify ]
37 verbose reify failed optional dependency C:\Users\HP\Documents\Lastfundiki\fundiki_mobileapp\node_modules\lightningcss-linux-x64-musl
38 silly reify mark deleted [
38 silly reify   'C:\\Users\\HP\\Documents\\Lastfundiki\\fundiki_mobileapp\\node_modules\\lightningcss-linux-x64-musl'
38 silly reify ]
39 verbose reify failed optional dependency C:\Users\HP\Documents\Lastfundiki\fundiki_mobileapp\node_modules\lightningcss-linux-x64-gnu
40 silly reify mark deleted [
40 silly reify   'C:\\Users\\HP\\Documents\\Lastfundiki\\fundiki_mobileapp\\node_modules\\lightningcss-linux-x64-gnu'
40 silly reify ]
41 verbose reify failed optional dependency C:\Users\HP\Documents\Lastfundiki\fundiki_mobileapp\node_modules\lightningcss-linux-arm64-musl
42 silly reify mark deleted [
42 silly reify   'C:\\Users\\HP\\Documents\\Lastfundiki\\fundiki_mobileapp\\node_modules\\lightningcss-linux-arm64-musl'
42 silly reify ]
43 verbose reify failed optional dependency C:\Users\HP\Documents\Lastfundiki\fundiki_mobileapp\node_modules\lightningcss-linux-arm64-gnu
44 silly reify mark deleted [
44 silly reify   'C:\\Users\\HP\\Documents\\Lastfundiki\\fundiki_mobileapp\\node_modules\\lightningcss-linux-arm64-gnu'
44 silly reify ]
45 verbose reify failed optional dependency C:\Users\HP\Documents\Lastfundiki\fundiki_mobileapp\node_modules\lightningcss-linux-arm-gnueabihf
46 silly reify mark deleted [
46 silly reify   'C:\\Users\\HP\\Documents\\Lastfundiki\\fundiki_mobileapp\\node_modules\\lightningcss-linux-arm-gnueabihf'
46 silly reify ]
47 verbose reify failed optional dependency C:\Users\HP\Documents\Lastfundiki\fundiki_mobileapp\node_modules\lightningcss-freebsd-x64
48 silly reify mark deleted [
48 silly reify   'C:\\Users\\HP\\Documents\\Lastfundiki\\fundiki_mobileapp\\node_modules\\lightningcss-freebsd-x64'
48 silly reify ]
49 verbose reify failed optional dependency C:\Users\HP\Documents\Lastfundiki\fundiki_mobileapp\node_modules\lightningcss-darwin-x64
50 silly reify mark deleted [
50 silly reify   'C:\\Users\\HP\\Documents\\Lastfundiki\\fundiki_mobileapp\\node_modules\\lightningcss-darwin-x64'
50 silly reify ]
51 verbose reify failed optional dependency C:\Users\HP\Documents\Lastfundiki\fundiki_mobileapp\node_modules\lightningcss-darwin-arm64
52 silly reify mark deleted [
52 silly reify   'C:\\Users\\HP\\Documents\\Lastfundiki\\fundiki_mobileapp\\node_modules\\lightningcss-darwin-arm64'
52 silly reify ]
53 verbose reify failed optional dependency C:\Users\HP\Documents\Lastfundiki\fundiki_mobileapp\node_modules\lightningcss-android-arm64
54 silly reify mark deleted [
54 silly reify   'C:\\Users\\HP\\Documents\\Lastfundiki\\fundiki_mobileapp\\node_modules\\lightningcss-android-arm64'
54 silly reify ]
55 verbose reify failed optional dependency C:\Users\HP\Documents\Lastfundiki\fundiki_mobileapp\node_modules\fsevents
56 silly reify mark deleted [
56 silly reify   'C:\\Users\\HP\\Documents\\Lastfundiki\\fundiki_mobileapp\\node_modules\\fsevents'
56 silly reify ]
57 verbose reify failed optional dependency C:\Users\HP\Documents\Lastfundiki\fundiki_mobileapp\node_modules\@unrs\resolver-binding-win32-ia32-msvc
58 silly reify mark deleted [
58 silly reify   'C:\\Users\\HP\\Documents\\Lastfundiki\\fundiki_mobileapp\\node_modules\\@unrs\\resolver-binding-win32-ia32-msvc'
58 silly reify ]
59 verbose reify failed optional dependency C:\Users\HP\Documents\Lastfundiki\fundiki_mobileapp\node_modules\@unrs\resolver-binding-win32-arm64-msvc
60 silly reify mark deleted [
60 silly reify   'C:\\Users\\HP\\Documents\\Lastfundiki\\fundiki_mobileapp\\node_modules\\@unrs\\resolver-binding-win32-arm64-msvc'
60 silly reify ]
61 verbose reify failed optional dependency C:\Users\HP\Documents\Lastfundiki\fundiki_mobileapp\node_modules\@unrs\resolver-binding-wasm32-wasi
62 silly reify mark deleted [
62 silly reify   'C:\\Users\\HP\\Documents\\Lastfundiki\\fundiki_mobileapp\\node_modules\\@unrs\\resolver-binding-wasm32-wasi'
62 silly reify ]
63 verbose reify failed optional dependency C:\Users\HP\Documents\Lastfundiki\fundiki_mobileapp\node_modules\@napi-rs\wasm-runtime
64 silly reify mark deleted [
64 silly reify   'C:\\Users\\HP\\Documents\\Lastfundiki\\fundiki_mobileapp\\node_modules\\@napi-rs\\wasm-runtime'
64 silly reify ]
65 verbose reify failed optional dependency C:\Users\HP\Documents\Lastfundiki\fundiki_mobileapp\node_modules\@emnapi\core
66 silly reify mark deleted [
66 silly reify   'C:\\Users\\HP\\Documents\\Lastfundiki\\fundiki_mobileapp\\node_modules\\@emnapi\\core'
66 silly reify ]
67 verbose reify failed optional dependency C:\Users\HP\Documents\Lastfundiki\fundiki_mobileapp\node_modules\@emnapi\runtime
68 silly reify mark deleted [
68 silly reify   'C:\\Users\\HP\\Documents\\Lastfundiki\\fundiki_mobileapp\\node_modules\\@emnapi\\runtime'
68 silly reify ]
69 verbose reify failed optional dependency C:\Users\HP\Documents\Lastfundiki\fundiki_mobileapp\node_modules\@tybys\wasm-util
70 silly reify mark deleted [
70 silly reify   'C:\\Users\\HP\\Documents\\Lastfundiki\\fundiki_mobileapp\\node_modules\\@tybys\\wasm-util'
70 silly reify ]
71 verbose reify failed optional dependency C:\Users\HP\Documents\Lastfundiki\fundiki_mobileapp\node_modules\@emnapi\wasi-threads
72 silly reify mark deleted [
72 silly reify   'C:\\Users\\HP\\Documents\\Lastfundiki\\fundiki_mobileapp\\node_modules\\@emnapi\\wasi-threads'
72 silly reify ]
73 verbose reify failed optional dependency C:\Users\HP\Documents\Lastfundiki\fundiki_mobileapp\node_modules\@unrs\resolver-binding-linux-x64-musl
74 silly reify mark deleted [
74 silly reify   'C:\\Users\\HP\\Documents\\Lastfundiki\\fundiki_mobileapp\\node_modules\\@unrs\\resolver-binding-linux-x64-musl'
74 silly reify ]
75 verbose reify failed optional dependency C:\Users\HP\Documents\Lastfundiki\fundiki_mobileapp\node_modules\@unrs\resolver-binding-linux-x64-gnu
76 silly reify mark deleted [
76 silly reify   'C:\\Users\\HP\\Documents\\Lastfundiki\\fundiki_mobileapp\\node_modules\\@unrs\\resolver-binding-linux-x64-gnu'
76 silly reify ]
77 verbose reify failed optional dependency C:\Users\HP\Documents\Lastfundiki\fundiki_mobileapp\node_modules\@unrs\resolver-binding-linux-s390x-gnu
78 silly reify mark deleted [
78 silly reify   'C:\\Users\\HP\\Documents\\Lastfundiki\\fundiki_mobileapp\\node_modules\\@unrs\\resolver-binding-linux-s390x-gnu'
78 silly reify ]
79 verbose reify failed optional dependency C:\Users\HP\Documents\Lastfundiki\fundiki_mobileapp\node_modules\@unrs\resolver-binding-linux-riscv64-musl
80 silly reify mark deleted [
80 silly reify   'C:\\Users\\HP\\Documents\\Lastfundiki\\fundiki_mobileapp\\node_modules\\@unrs\\resolver-binding-linux-riscv64-musl'
80 silly reify ]
81 verbose reify failed optional dependency C:\Users\HP\Documents\Lastfundiki\fundiki_mobileapp\node_modules\@unrs\resolver-binding-linux-riscv64-gnu
82 silly reify mark deleted [
82 silly reify   'C:\\Users\\HP\\Documents\\Lastfundiki\\fundiki_mobileapp\\node_modules\\@unrs\\resolver-binding-linux-riscv64-gnu'
82 silly reify ]
83 verbose reify failed optional dependency C:\Users\HP\Documents\Lastfundiki\fundiki_mobileapp\node_modules\@unrs\resolver-binding-linux-ppc64-gnu
84 silly reify mark deleted [
84 silly reify   'C:\\Users\\HP\\Documents\\Lastfundiki\\fundiki_mobileapp\\node_modules\\@unrs\\resolver-binding-linux-ppc64-gnu'
84 silly reify ]
85 verbose reify failed optional dependency C:\Users\HP\Documents\Lastfundiki\fundiki_mobileapp\node_modules\@unrs\resolver-binding-linux-arm64-musl
86 silly reify mark deleted [
86 silly reify   'C:\\Users\\HP\\Documents\\Lastfundiki\\fundiki_mobileapp\\node_modules\\@unrs\\resolver-binding-linux-arm64-musl'
86 silly reify ]
87 verbose reify failed optional dependency C:\Users\HP\Documents\Lastfundiki\fundiki_mobileapp\node_modules\@unrs\resolver-binding-linux-arm64-gnu
88 silly reify mark deleted [
88 silly reify   'C:\\Users\\HP\\Documents\\Lastfundiki\\fundiki_mobileapp\\node_modules\\@unrs\\resolver-binding-linux-arm64-gnu'
88 silly reify ]
89 verbose reify failed optional dependency C:\Users\HP\Documents\Lastfundiki\fundiki_mobileapp\node_modules\@unrs\resolver-binding-linux-arm-musleabihf
90 silly reify mark deleted [
90 silly reify   'C:\\Users\\HP\\Documents\\Lastfundiki\\fundiki_mobileapp\\node_modules\\@unrs\\resolver-binding-linux-arm-musleabihf'
90 silly reify ]
91 verbose reify failed optional dependency C:\Users\HP\Documents\Lastfundiki\fundiki_mobileapp\node_modules\@unrs\resolver-binding-linux-arm-gnueabihf
92 silly reify mark deleted [
92 silly reify   'C:\\Users\\HP\\Documents\\Lastfundiki\\fundiki_mobileapp\\node_modules\\@unrs\\resolver-binding-linux-arm-gnueabihf'
92 silly reify ]
93 verbose reify failed optional dependency C:\Users\HP\Documents\Lastfundiki\fundiki_mobileapp\node_modules\@unrs\resolver-binding-freebsd-x64
94 silly reify mark deleted [
94 silly reify   'C:\\Users\\HP\\Documents\\Lastfundiki\\fundiki_mobileapp\\node_modules\\@unrs\\resolver-binding-freebsd-x64'
94 silly reify ]
95 verbose reify failed optional dependency C:\Users\HP\Documents\Lastfundiki\fundiki_mobileapp\node_modules\@unrs\resolver-binding-darwin-x64
96 silly reify mark deleted [
96 silly reify   'C:\\Users\\HP\\Documents\\Lastfundiki\\fundiki_mobileapp\\node_modules\\@unrs\\resolver-binding-darwin-x64'
96 silly reify ]
97 verbose reify failed optional dependency C:\Users\HP\Documents\Lastfundiki\fundiki_mobileapp\node_modules\@unrs\resolver-binding-darwin-arm64
98 silly reify mark deleted [
98 silly reify   'C:\\Users\\HP\\Documents\\Lastfundiki\\fundiki_mobileapp\\node_modules\\@unrs\\resolver-binding-darwin-arm64'
98 silly reify ]
99 verbose reify failed optional dependency C:\Users\HP\Documents\Lastfundiki\fundiki_mobileapp\node_modules\@unrs\resolver-binding-android-arm64
100 silly reify mark deleted [
100 silly reify   'C:\\Users\\HP\\Documents\\Lastfundiki\\fundiki_mobileapp\\node_modules\\@unrs\\resolver-binding-android-arm64'
100 silly reify ]
101 verbose reify failed optional dependency C:\Users\HP\Documents\Lastfundiki\fundiki_mobileapp\node_modules\@unrs\resolver-binding-android-arm-eabi
102 silly reify mark deleted [
102 silly reify   'C:\\Users\\HP\\Documents\\Lastfundiki\\fundiki_mobileapp\\node_modules\\@unrs\\resolver-binding-android-arm-eabi'
102 silly reify ]
103 silly tarball no local data for @tybys/wasm-util@https://registry.npmjs.org/@tybys/wasm-util/-/wasm-util-0.10.1.tgz. Extracting by manifest.
104 silly tarball no local data for @napi-rs/wasm-runtime@https://registry.npmjs.org/@napi-rs/wasm-runtime/-/wasm-runtime-0.2.12.tgz. Extracting by manifest.
105 silly tarball no local data for @emnapi/wasi-threads@https://registry.npmjs.org/@emnapi/wasi-threads/-/wasi-threads-1.2.1.tgz. Extracting by manifest.
106 silly tarball no local data for @emnapi/core@https://registry.npmjs.org/@emnapi/core/-/core-1.9.2.tgz. Extracting by manifest.
107 silly tarball no local data for @emnapi/runtime@https://registry.npmjs.org/@emnapi/runtime/-/runtime-1.9.2.tgz. Extracting by manifest.
108 http fetch POST 200 https://registry.npmjs.org/-/npm/v1/security/advisories/bulk 293ms
109 silly audit report {
109 silly audit report   '@protobufjs/utf8': [
109 silly audit report     {
109 silly audit report       id: 1118933,
109 silly audit report       url: 'https://github.com/advisories/GHSA-q6x5-8v7m-xcrf',
109 silly audit report       title: 'protobufjs has overlong UTF-8 decoding',
109 silly audit report       severity: 'moderate',
109 silly audit report       vulnerable_versions: '<=1.1.0',
109 silly audit report       cwe: [Array],
109 silly audit report       cvss: [Object]
109 silly audit report     }
109 silly audit report   ],
109 silly audit report   '@xmldom/xmldom': [
109 silly audit report     {
109 silly audit report       id: 1117894,
109 silly audit report       url: 'https://github.com/advisories/GHSA-2v35-w6hq-6mfw',
109 silly audit report       title: 'xmldom: Uncontrolled recursion in XML serialization leads to DoS',
109 silly audit report       severity: 'high',
109 silly audit report       vulnerable_versions: '<0.8.13',
109 silly audit report       cwe: [Array],
109 silly audit report       cvss: [Object]
109 silly audit report     },
109 silly audit report     {
109 silly audit report       id: 1117897,
109 silly audit report       url: 'https://github.com/advisories/GHSA-f6ww-3ggp-fr8h',
109 silly audit report       title: 'xmldom has XML injection through unvalidated DocumentType serialization',
109 silly audit report       severity: 'high',
109 silly audit report       vulnerable_versions: '<0.8.13',
109 silly audit report       cwe: [Array],
109 silly audit report       cvss: [Object]
109 silly audit report     },
109 silly audit report     {
109 silly audit report       id: 1117900,
109 silly audit report       url: 'https://github.com/advisories/GHSA-x6wf-f3px-wcqx',
109 silly audit report       title: 'xmldom has XML node injection through unvalidated processing instruction serialization',
109 silly audit report       severity: 'high',
109 silly audit report       vulnerable_versions: '<0.8.13',
109 silly audit report       cwe: [Array],
109 silly audit report       cvss: [Object]
109 silly audit report     },
109 silly audit report     {
109 silly audit report       id: 1117903,
109 silly audit report       url: 'https://github.com/advisories/GHSA-j759-j44w-7fr8',
109 silly audit report       title: 'xmldom has XML node injection through unvalidated comment serialization',
109 silly audit report       severity: 'high',
109 silly audit report       vulnerable_versions: '<0.8.13',
109 silly audit report       cwe: [Array],
109 silly audit report       cvss: [Object]
109 silly audit report     }
109 silly audit report   ],
109 silly audit report   axios: [
109 silly audit report     {
109 silly audit report       id: 1118607,
109 silly audit report       url: 'https://github.com/advisories/GHSA-q8qp-cvcw-x6jj',
109 silly audit report       title: 'Axios has prototype pollution read-side gadgets in HTTP adapter that allow credential injection and request hijacking',
109 silly audit report       severity: 'high',
109 silly audit report       vulnerable_versions: '>=1.0.0 <1.15.2',
109 silly audit report       cwe: [Array],
109 silly audit report       cvss: [Object]
109 silly audit report     },
109 silly audit report     {
109 silly audit report       id: 1117574,
109 silly audit report       url: 'https://github.com/advisories/GHSA-w9j2-pvgh-6h63',
109 silly audit report       title: 'Axios: Authentication Bypass via Prototype Pollution Gadget in `validateStatus` Merge Strategy',
109 silly audit report       severity: 'moderate',
109 silly audit report       vulnerable_versions: '>=1.0.0 <1.15.1',
109 silly audit report       cwe: [Array],
109 silly audit report       cvss: [Object]
109 silly audit report     },
109 silly audit report     {
109 silly audit report       id: 1117576,
109 silly audit report       url: 'https://github.com/advisories/GHSA-pmwg-cvhr-8vh7',
109 silly audit report       title: 'Axios: Incomplete Fix for CVE-2025-62718 — NO_PROXY Protection Bypassed via RFC 1122 Loopback Subnet (127.0.0.0/8) in Axios 1.15.0',
109 silly audit report       severity: 'high',
109 silly audit report       vulnerable_versions: '>=1.0.0 <1.15.1',
109 silly audit report       cwe: [Array],
109 silly audit report       cvss: [Object]
109 silly audit report     },
109 silly audit report     {
109 silly audit report       id: 1117577,
109 silly audit report       url: 'https://github.com/advisories/GHSA-3w6x-2g7m-8v23',
109 silly audit report       title: 'Axios: Invisible JSON Response Tampering via Prototype Pollution Gadget in `parseReviver`',
109 silly audit report       severity: 'moderate',
109 silly audit report       vulnerable_versions: '>=1.0.0 <1.15.2',
109 silly audit report       cwe: [Array],
109 silly audit report       cvss: [Object]
109 silly audit report     },
109 silly audit report     {
109 silly audit report       id: 1117580,
109 silly audit report       url: 'https://github.com/advisories/GHSA-xhjh-pmcv-23jw',
109 silly audit report       title: 'Axios: Null Byte Injection via Reverse-Encoding in AxiosURLSearchParams',
109 silly audit report       severity: 'low',
109 silly audit report       vulnerable_versions: '>=1.0.0 <1.15.1',
109 silly audit report       cwe: [Array],
109 silly audit report       cvss: [Object]
109 silly audit report     },
109 silly audit report     {
109 silly audit report       id: 1117581,
109 silly audit report       url: 'https://github.com/advisories/GHSA-445q-vr5w-6q77',
109 silly audit report       title: 'Axios: CRLF Injection in multipart/form-data body via unsanitized blob.type in formDataToStream',
109 silly audit report       severity: 'moderate',
109 silly audit report       vulnerable_versions: '>=1.0.0 <1.15.1',
109 silly audit report       cwe: [Array],
109 silly audit report       cvss: [Object]
109 silly audit report     },
109 silly audit report     {
109 silly audit report       id: 1117583,
109 silly audit report       url: 'https://github.com/advisories/GHSA-m7pr-hjqh-92cm',
109 silly audit report       title: 'Axios: no_proxy bypass via IP alias allows SSRF',
109 silly audit report       severity: 'moderate',
109 silly audit report       vulnerable_versions: '>=1.0.0 <1.15.1',
109 silly audit report       cwe: [Array],
109 silly audit report       cvss: [Object]
109 silly audit report     },
109 silly audit report     {
109 silly audit report       id: 1117585,
109 silly audit report       url: 'https://github.com/advisories/GHSA-62hf-57xw-28j9',
109 silly audit report       title: 'Axios: unbounded recursion in toFormData causes DoS via deeply nested request data',
109 silly audit report       severity: 'moderate',
109 silly audit report       vulnerable_versions: '>=1.0.0 <1.15.1',
109 silly audit report       cwe: [Array],
109 silly audit report       cvss: [Object]
109 silly audit report     },
109 silly audit report     {
109 silly audit report       id: 1117587,
109 silly audit report       url: 'https://github.com/advisories/GHSA-5c9x-8gcm-mpgx',
109 silly audit report       title: "Axios' HTTP adapter-streamed uploads bypass maxBodyLength when maxRedirects: 0",
109 silly audit report       severity: 'moderate',
109 silly audit report       vulnerable_versions: '>=1.0.0 <1.15.1',
109 silly audit report       cwe: [Array],
109 silly audit report       cvss: [Object]
109 silly audit report     },
109 silly audit report     {
109 silly audit report       id: 1117589,
109 silly audit report       url: 'https://github.com/advisories/GHSA-vf2m-468p-8v99',
109 silly audit report       title: 'Axios: HTTP adapter streamed responses bypass maxContentLength',
109 silly audit report       severity: 'moderate',
109 silly audit report       vulnerable_versions: '>=1.0.0 <1.15.1',
109 silly audit report       cwe: [Array],
109 silly audit report       cvss: [Object]
109 silly audit report     },
109 silly audit report     {
109 silly audit report       id: 1117591,
109 silly audit report       url: 'https://github.com/advisories/GHSA-pf86-5x62-jrwf',
109 silly audit report       title: 'Axios: Prototype Pollution Gadgets - Response Tampering, Data Exfiltration, and Request Hijacking',
109 silly audit report       severity: 'high',
109 silly audit report       vulnerable_versions: '>=1.0.0 <1.15.1',
109 silly audit report       cwe: [Array],
109 silly audit report       cvss: [Object]
109 silly audit report     },
109 silly audit report     {
109 silly audit report       id: 1117593,
109 silly audit report       url: 'https://github.com/advisories/GHSA-6chq-wfr3-2hj9',
109 silly audit report       title: 'Axios: Header Injection via Prototype Pollution',
109 silly audit report       severity: 'high',
109 silly audit report       vulnerable_versions: '>=1.0.0 <1.15.1',
109 silly audit report       cwe: [Array],
109 silly audit report       cvss: [Object]
109 silly audit report     },
109 silly audit report     {
109 silly audit report       id: 1117595,
109 silly audit report       url: 'https://github.com/advisories/GHSA-xx6v-rp6x-q39c',
109 silly audit report       title: 'Axios: XSRF Token Cross-Origin Leakage via Prototype Pollution Gadget in `withXSRFToken` Boolean Coercion',
109 silly audit report       severity: 'moderate',
109 silly audit report       vulnerable_versions: '>=1.0.0 <1.15.1',
109 silly audit report       cwe: [Array],
109 silly audit report       cvss: [Object]
109 silly audit report     }
109 silly audit report   ],
109 silly audit report   postcss: [
109 silly audit report     {
109 silly audit report       id: 1117015,
109 silly audit report       url: 'https://github.com/advisories/GHSA-qx2v-qp2m-jg93',
109 silly audit report       title: 'PostCSS has XSS via Unescaped </style> in its CSS Stringify Output',
109 silly audit report       severity: 'moderate',
109 silly audit report       vulnerable_versions: '<8.5.10',
109 silly audit report       cwe: [Array],
109 silly audit report       cvss: [Object]
109 silly audit report     }
109 silly audit report   ],
109 silly audit report   protobufjs: [
109 silly audit report     {
109 silly audit report       id: 1118641,
109 silly audit report       url: 'https://github.com/advisories/GHSA-66ff-xgx4-vchm',
109 silly audit report       title: 'protobuf.js: Code injection through bytes field defaults in generated toObject code',
109 silly audit report       severity: 'high',
109 silly audit report       vulnerable_versions: '<=7.5.5',
109 silly audit report       cwe: [Array],
109 silly audit report       cvss: [Object]
109 silly audit report     },
109 silly audit report     {
109 silly audit report       id: 1118924,
109 silly audit report       url: 'https://github.com/advisories/GHSA-2pr8-phx7-x9h3',
109 silly audit report       title: 'protobuf.js: Denial of service from crafted field names in generated code',
109 silly audit report       severity: 'moderate',
109 silly audit report       vulnerable_versions: '<=7.5.5',
109 silly audit report       cwe: [Array],
109 silly audit report       cvss: [Object]
109 silly audit report     },
109 silly audit report     {
109 silly audit report       id: 1118926,
109 silly audit report       url: 'https://github.com/advisories/GHSA-fx83-v9x8-x52w',
109 silly audit report       title: 'protobuf.js: Prototype injection in generated message constructors',
109 silly audit report       severity: 'moderate',
109 silly audit report       vulnerable_versions: '<=7.5.5',
109 silly audit report       cwe: [Array],
109 silly audit report       cvss: [Object]
109 silly audit report     },
109 silly audit report     {
109 silly audit report       id: 1118928,
109 silly audit report       url: 'https://github.com/advisories/GHSA-75px-5xx7-5xc7',
109 silly audit report       title: 'protobuf.js: Code generation gadget after prototype pollution',
109 silly audit report       severity: 'high',
109 silly audit report       vulnerable_versions: '<=7.5.5',
109 silly audit report       cwe: [Array],
109 silly audit report       cvss: [Object]
109 silly audit report     },
109 silly audit report     {
109 silly audit report       id: 1118930,
109 silly audit report       url: 'https://github.com/advisories/GHSA-jvwf-75h9-cwgg',
109 silly audit report       title: 'protobuf.js: Process-wide denial of service through unsafe option paths',
109 silly audit report       severity: 'high',
109 silly audit report       vulnerable_versions: '<=7.5.5',
109 silly audit report       cwe: [Array],
109 silly audit report       cvss: [Object]
109 silly audit report     },
109 silly audit report     {
109 silly audit report       id: 1118932,
109 silly audit report       url: 'https://github.com/advisories/GHSA-685m-2w69-288q',
109 silly audit report       title: 'protobuf.js: Denial of service through unbounded protobuf recursion',
109 silly audit report       severity: 'high',
109 silly audit report       vulnerable_versions: '<=7.5.5',
109 silly audit report       cwe: [Array],
109 silly audit report       cvss: [Object]
109 silly audit report     },
109 silly audit report     {
109 silly audit report       id: 1118935,
109 silly audit report       url: 'https://github.com/advisories/GHSA-q6x5-8v7m-xcrf',
109 silly audit report       title: 'protobufjs has overlong UTF-8 decoding',
109 silly audit report       severity: 'moderate',
109 silly audit report       vulnerable_versions: '<=7.5.5',
109 silly audit report       cwe: [Array],
109 silly audit report       cvss: [Object]
109 silly audit report     }
109 silly audit report   ]
109 silly audit report }
110 silly packumentCache corgi:https://registry.npmjs.org/@protobufjs%2futf8 cache-miss
111 silly packumentCache corgi:https://registry.npmjs.org/@xmldom%2fxmldom cache-miss
112 silly packumentCache corgi:https://registry.npmjs.org/axios cache-miss
113 silly packumentCache corgi:https://registry.npmjs.org/postcss cache-miss
114 silly packumentCache corgi:https://registry.npmjs.org/protobufjs cache-miss
115 http fetch GET 200 https://registry.npmjs.org/@protobufjs%2futf8 222ms (cache miss)
116 silly packumentCache corgi:https://registry.npmjs.org/@protobufjs%2futf8 set size:undefined disposed:false
117 http fetch GET 200 https://registry.npmjs.org/@xmldom%2fxmldom 238ms (cache miss)
118 silly packumentCache corgi:https://registry.npmjs.org/@xmldom%2fxmldom set size:undefined disposed:false
119 http fetch GET 200 https://registry.npmjs.org/@emnapi/wasi-threads/-/wasi-threads-1.2.1.tgz 905ms (cache miss)
120 http fetch GET 200 https://registry.npmjs.org/@emnapi/runtime/-/runtime-1.9.2.tgz 900ms (cache miss)
121 http fetch GET 200 https://registry.npmjs.org/protobufjs 593ms (cache miss)
122 silly packumentCache corgi:https://registry.npmjs.org/protobufjs set size:undefined disposed:false
123 http fetch GET 200 https://registry.npmjs.org/axios 689ms (cache miss)
124 silly packumentCache corgi:https://registry.npmjs.org/axios set size:undefined disposed:false
125 http fetch GET 200 https://registry.npmjs.org/postcss 780ms (cache miss)
126 silly packumentCache corgi:https://registry.npmjs.org/postcss set size:undefined disposed:false
127 http fetch GET 200 https://registry.npmjs.org/@tybys/wasm-util/-/wasm-util-0.10.1.tgz 1325ms (cache miss)
128 silly packumentCache corgi:https://registry.npmjs.org/@expo%2fplist cache-miss
129 silly packumentCache corgi:https://registry.npmjs.org/plist cache-miss
130 http fetch GET 200 https://registry.npmjs.org/@emnapi/core/-/core-1.9.2.tgz 1409ms (cache miss)
131 http fetch GET 200 https://registry.npmjs.org/@expo%2fplist 162ms (cache miss)
132 silly packumentCache corgi:https://registry.npmjs.org/@expo%2fplist set size:undefined disposed:false
133 http fetch GET 200 https://registry.npmjs.org/@napi-rs/wasm-runtime/-/wasm-runtime-0.2.12.tgz 1524ms (cache miss)
134 http fetch GET 200 https://registry.npmjs.org/plist 2784ms (cache miss)
135 silly packumentCache corgi:https://registry.npmjs.org/plist set size:undefined disposed:false
136 silly packumentCache corgi:https://registry.npmjs.org/@expo%2fmetro-config cache-miss
137 http fetch GET 200 https://registry.npmjs.org/@expo%2fmetro-config 269ms (cache miss)
138 silly packumentCache corgi:https://registry.npmjs.org/@expo%2fmetro-config set size:undefined disposed:false
139 silly packumentCache corgi:https://registry.npmjs.org/@grpc%2fproto-loader cache-miss
140 http fetch GET 200 https://registry.npmjs.org/@grpc%2fproto-loader 136ms (cache miss)
141 silly packumentCache corgi:https://registry.npmjs.org/@grpc%2fproto-loader set size:undefined disposed:false
142 silly packumentCache corgi:https://registry.npmjs.org/expo cache-miss
143 silly packumentCache corgi:https://registry.npmjs.org/@expo%2fcli cache-miss
144 http fetch GET 200 https://registry.npmjs.org/expo 292ms (cache miss)
145 silly packumentCache corgi:https://registry.npmjs.org/expo set size:undefined disposed:false
146 http fetch GET 200 https://registry.npmjs.org/@expo%2fcli 606ms (cache miss)
147 silly packumentCache corgi:https://registry.npmjs.org/@expo%2fcli set size:undefined disposed:false
148 silly packumentCache corgi:https://registry.npmjs.org/@expo%2fmetro-runtime cache-miss
149 silly packumentCache corgi:https://registry.npmjs.org/@expo%2fprebuild-config cache-miss
150 silly packumentCache corgi:https://registry.npmjs.org/@react-native-community%2fdatetimepicker cache-miss
151 silly packumentCache corgi:https://registry.npmjs.org/@react-native-firebase%2fapp cache-miss
152 silly packumentCache corgi:https://registry.npmjs.org/@react-native-firebase%2fauth cache-miss
153 silly packumentCache corgi:https://registry.npmjs.org/babel-preset-expo cache-miss
154 silly packumentCache corgi:https://registry.npmjs.org/expo-asset cache-miss
155 silly packumentCache corgi:https://registry.npmjs.org/expo-constants cache-miss
156 silly packumentCache corgi:https://registry.npmjs.org/expo-file-system cache-miss
157 silly packumentCache corgi:https://registry.npmjs.org/expo-font cache-miss
158 silly packumentCache corgi:https://registry.npmjs.org/expo-haptics cache-miss
159 silly packumentCache corgi:https://registry.npmjs.org/expo-image cache-miss
160 silly packumentCache corgi:https://registry.npmjs.org/expo-image-loader cache-miss
161 silly packumentCache corgi:https://registry.npmjs.org/expo-image-picker cache-miss
162 silly packumentCache corgi:https://registry.npmjs.org/expo-keep-awake cache-miss
163 silly packumentCache corgi:https://registry.npmjs.org/expo-router cache-miss
164 silly packumentCache corgi:https://registry.npmjs.org/expo-secure-store cache-miss
165 silly packumentCache corgi:https://registry.npmjs.org/expo-splash-screen cache-miss
166 silly packumentCache corgi:https://registry.npmjs.org/expo-sqlite cache-miss
167 silly packumentCache corgi:https://registry.npmjs.org/expo-symbols cache-miss
168 silly packumentCache corgi:https://registry.npmjs.org/expo-system-ui cache-miss
169 silly packumentCache corgi:https://registry.npmjs.org/expo-web-browser cache-miss
170 http fetch GET 200 https://registry.npmjs.org/@expo%2fmetro-runtime 815ms (cache miss)
171 silly packumentCache corgi:https://registry.npmjs.org/@expo%2fmetro-runtime set size:undefined disposed:false
172 http fetch GET 200 https://registry.npmjs.org/expo-constants 1007ms (cache miss)
173 silly packumentCache corgi:https://registry.npmjs.org/expo-constants set size:undefined disposed:false
174 http fetch GET 200 https://registry.npmjs.org/expo-file-system 1223ms (cache miss)
175 silly packumentCache corgi:https://registry.npmjs.org/expo-file-system set size:undefined disposed:false
176 http fetch GET 200 https://registry.npmjs.org/expo-asset 1399ms (cache miss)
177 silly packumentCache corgi:https://registry.npmjs.org/expo-asset set size:undefined disposed:false
178 http fetch GET 200 https://registry.npmjs.org/@expo%2fprebuild-config 1544ms (cache miss)
179 silly packumentCache corgi:https://registry.npmjs.org/@expo%2fprebuild-config set size:undefined disposed:false
180 http fetch GET 200 https://registry.npmjs.org/babel-preset-expo 1732ms (cache miss)
181 silly packumentCache corgi:https://registry.npmjs.org/babel-preset-expo set size:undefined disposed:false
182 http fetch GET 200 https://registry.npmjs.org/expo-symbols 1834ms (cache miss)
183 silly packumentCache corgi:https://registry.npmjs.org/expo-symbols set size:undefined disposed:false
184 http fetch GET 200 https://registry.npmjs.org/expo-system-ui 1952ms (cache miss)
185 silly packumentCache corgi:https://registry.npmjs.org/expo-system-ui set size:undefined disposed:false
186 http fetch GET 200 https://registry.npmjs.org/@react-native-community%2fdatetimepicker 2132ms (cache miss)
187 silly packumentCache corgi:https://registry.npmjs.org/@react-native-community%2fdatetimepicker set size:undefined disposed:false
188 http fetch GET 200 https://registry.npmjs.org/expo-splash-screen 2131ms (cache miss)
189 silly packumentCache corgi:https://registry.npmjs.org/expo-splash-screen set size:undefined disposed:false
190 http fetch GET 200 https://registry.npmjs.org/expo-sqlite 2215ms (cache miss)
191 silly packumentCache corgi:https://registry.npmjs.org/expo-sqlite set size:undefined disposed:false
192 http fetch GET 200 https://registry.npmjs.org/expo-web-browser 2262ms (cache miss)
193 silly packumentCache corgi:https://registry.npmjs.org/expo-web-browser set size:undefined disposed:false
194 http fetch GET 200 https://registry.npmjs.org/expo-secure-store 2337ms (cache miss)
195 silly packumentCache corgi:https://registry.npmjs.org/expo-secure-store set size:undefined disposed:false
196 http fetch GET 200 https://registry.npmjs.org/@react-native-firebase%2fapp 2445ms (cache miss)
197 silly packumentCache corgi:https://registry.npmjs.org/@react-native-firebase%2fapp set size:undefined disposed:false
198 http fetch GET 200 https://registry.npmjs.org/@react-native-firebase%2fauth 2467ms (cache miss)
199 silly packumentCache corgi:https://registry.npmjs.org/@react-native-firebase%2fauth set size:undefined disposed:false
200 http fetch GET 200 https://registry.npmjs.org/expo-image-loader 2451ms (cache miss)
201 silly packumentCache corgi:https://registry.npmjs.org/expo-image-loader set size:undefined disposed:false
202 http fetch GET 200 https://registry.npmjs.org/expo-haptics 2494ms (cache miss)
203 silly packumentCache corgi:https://registry.npmjs.org/expo-haptics set size:undefined disposed:false
204 http fetch GET 200 https://registry.npmjs.org/expo-keep-awake 2522ms (cache miss)
205 silly packumentCache corgi:https://registry.npmjs.org/expo-keep-awake set size:undefined disposed:false
206 http fetch GET 200 https://registry.npmjs.org/expo-router 2548ms (cache miss)
207 silly packumentCache corgi:https://registry.npmjs.org/expo-router set size:undefined disposed:false
208 http fetch GET 200 https://registry.npmjs.org/expo-image-picker 2649ms (cache miss)
209 silly packumentCache corgi:https://registry.npmjs.org/expo-image-picker set size:undefined disposed:false
210 http fetch GET 200 https://registry.npmjs.org/expo-image 2709ms (cache miss)
211 silly packumentCache corgi:https://registry.npmjs.org/expo-image set size:undefined disposed:false
212 http fetch GET 200 https://registry.npmjs.org/expo-font 2760ms (cache miss)
213 silly packumentCache corgi:https://registry.npmjs.org/expo-font set size:undefined disposed:false
214 silly ADD
215 silly ADD
216 silly ADD
217 silly ADD
218 silly ADD
219 silly ADD
220 silly ADD
221 silly ADD
222 silly ADD
223 silly ADD
224 silly ADD
225 silly ADD
226 silly ADD
227 silly ADD
228 silly ADD
229 silly ADD
230 silly ADD
231 silly ADD
232 silly ADD
233 silly ADD
234 silly ADD
235 silly ADD
236 silly ADD
237 silly ADD
238 silly ADD
239 silly ADD
240 silly ADD
241 silly ADD
242 silly ADD
243 silly ADD
244 silly ADD
245 silly ADD
246 silly ADD
247 silly ADD
248 verbose cwd C:\Users\HP\Documents\Lastfundiki\fundiki_mobileapp
249 verbose os Windows_NT 10.0.26200
250 verbose node v22.12.0
251 verbose npm  v10.9.0
252 notice
252 notice New major version of npm available! 10.9.0 -> 11.14.1
252 notice Changelog: https://github.com/npm/cli/releases/tag/v11.14.1
252 notice To update run: npm install -g npm@11.14.1
252 notice  { force: true, [Symbol(proc-log.meta)]: true }
253 verbose exit 0
254 info ok
